Component: ARM Compiler 5.06 update 6 (build 750) Tool: armlink [4d35ed]

==============================================================================

Section Cross References

    startup_stm32f103xb.o(STACK) refers (Special) to heapauxi.o(.text) for __use_two_region_memory
    startup_stm32f103xb.o(HEAP) refers (Special) to heapauxi.o(.text) for __use_two_region_memory
    startup_stm32f103xb.o(RESET) refers (Special) to heapauxi.o(.text) for __use_two_region_memory
    startup_stm32f103xb.o(RESET) refers to startup_stm32f103xb.o(STACK) for __initial_sp
    startup_stm32f103xb.o(RESET) refers to startup_stm32f103xb.o(.text) for Reset_Handler
    startup_stm32f103xb.o(RESET) refers to stm32f1xx_it.o(i.NMI_Handler) for NMI_Handler
    startup_stm32f103xb.o(RESET) refers to stm32f1xx_it.o(i.HardFault_Handler) for HardFault_Handler
    startup_stm32f103xb.o(RESET) refers to stm32f1xx_it.o(i.MemManage_Handler) for MemManage_Handler
    startup_stm32f103xb.o(RESET) refers to stm32f1xx_it.o(i.BusFault_Handler) for BusFault_Handler
    startup_stm32f103xb.o(RESET) refers to stm32f1xx_it.o(i.UsageFault_Handler) for UsageFault_Handler
    startup_stm32f103xb.o(RESET) refers to stm32f1xx_it.o(i.SVC_Handler) for SVC_Handler
    startup_stm32f103xb.o(RESET) refers to stm32f1xx_it.o(i.DebugMon_Handler) for DebugMon_Handler
    startup_stm32f103xb.o(RESET) refers to stm32f1xx_it.o(i.PendSV_Handler) for PendSV_Handler
    startup_stm32f103xb.o(RESET) refers to stm32f1xx_it.o(i.SysTick_Handler) for SysTick_Handler
    startup_stm32f103xb.o(RESET) refers to stm32f1xx_it.o(i.USART1_IRQHandler) for USART1_IRQHandler
    startup_stm32f103xb.o(RESET) refers to stm32f1xx_it.o(i.USART2_IRQHandler) for USART2_IRQHandler
    startup_stm32f103xb.o(.text) refers (Special) to heapauxi.o(.text) for __use_two_region_memory
    startup_stm32f103xb.o(.text) refers to system_stm32f1xx.o(i.SystemInit) for SystemInit
    startup_stm32f103xb.o(.text) refers to __main.o(!!!main) for __main
    startup_stm32f103xb.o(.text) refers to startup_stm32f103xb.o(HEAP) for Heap_Mem
    startup_stm32f103xb.o(.text) refers to startup_stm32f103xb.o(STACK) for Stack_Mem
    dht.o(i.DHT_Check_Response) refers to _printf_percent.o(.ARM.Collect$$_printf_percent$$00000000) for _printf_percent
    dht.o(i.DHT_Check_Response) refers to _printf_u.o(.ARM.Collect$$_printf_percent$$0000000A) for _printf_u
    dht.o(i.DHT_Check_Response) refers to _printf_dec.o(.text) for _printf_int_dec
    dht.o(i.DHT_Check_Response) refers to dht.o(i.delay) for delay
    dht.o(i.DHT_Check_Response) refers to stm32f1xx_hal_gpio.o(i.HAL_GPIO_ReadPin) for HAL_GPIO_ReadPin
    dht.o(i.DHT_Check_Response) refers to noretval__2sprintf.o(.text) for __2sprintf
    dht.o(i.DHT_Check_Response) refers to strlen.o(.text) for strlen
    dht.o(i.DHT_Check_Response) refers to stm32f1xx_hal_uart.o(i.HAL_UART_Transmit) for HAL_UART_Transmit
    dht.o(i.DHT_Check_Response) refers to main.o(.bss) for huart1
    dht.o(i.DHT_GetData) refers to dht.o(i.DHT_Start) for DHT_Start
    dht.o(i.DHT_GetData) refers to dht.o(i.DHT_Check_Response) for DHT_Check_Response
    dht.o(i.DHT_GetData) refers to dht.o(i.DHT_Read) for DHT_Read
    dht.o(i.DHT_GetData) refers to fflt_clz.o(x$fpl$ffltu) for __aeabi_ui2f
    dht.o(i.DHT_GetData) refers to dht.o(.data) for .data
    dht.o(i.DHT_Read) refers to stm32f1xx_hal_gpio.o(i.HAL_GPIO_ReadPin) for HAL_GPIO_ReadPin
    dht.o(i.DHT_Read) refers to dht.o(i.delay) for delay
    dht.o(i.DHT_Start) refers to dht.o(i.DWT_Delay_Init) for DWT_Delay_Init
    dht.o(i.DHT_Start) refers to dht.o(i.Set_Pin_Output) for Set_Pin_Output
    dht.o(i.DHT_Start) refers to stm32f1xx_hal_gpio.o(i.HAL_GPIO_WritePin) for HAL_GPIO_WritePin
    dht.o(i.DHT_Start) refers to dht.o(i.delay) for delay
    dht.o(i.DHT_Start) refers to dht.o(i.Set_Pin_Input) for Set_Pin_Input
    dht.o(i.Set_Pin_Input) refers to stm32f1xx_hal_gpio.o(i.HAL_GPIO_Init) for HAL_GPIO_Init
    dht.o(i.Set_Pin_Output) refers to stm32f1xx_hal_gpio.o(i.HAL_GPIO_Init) for HAL_GPIO_Init
    dht.o(i.delay) refers to stm32f1xx_hal_rcc.o(i.HAL_RCC_GetHCLKFreq) for HAL_RCC_GetHCLKFreq
    main.o(i.Compute_Soil_Moisture) refers to fflt_clz.o(x$fpl$ffltu) for __aeabi_ui2f
    main.o(i.Compute_Soil_Moisture) refers to faddsub_clz.o(x$fpl$frsb) for __aeabi_frsub
    main.o(i.Compute_Soil_Moisture) refers to fmul.o(x$fpl$fmul) for __aeabi_fmul
    main.o(i.Compute_Soil_Moisture) refers to fdiv.o(x$fpl$fdiv) for __aeabi_fdiv
    main.o(i.Control_Device_Auto) refers to garden.o(i.Garden_getNhietDo) for Garden_getNhietDo
    main.o(i.Control_Device_Auto) refers to garden.o(i.Garden_getDoAmDat) for Garden_getDoAmDat
    main.o(i.Control_Device_Auto) refers to stm32f1xx_hal_gpio.o(i.HAL_GPIO_WritePin) for HAL_GPIO_WritePin
    main.o(i.Control_Device_Manual) refers to stm32f1xx_hal_gpio.o(i.HAL_GPIO_WritePin) for HAL_GPIO_WritePin
    main.o(i.MX_ADC1_Init) refers to stm32f1xx_hal_adc.o(i.HAL_ADC_Init) for HAL_ADC_Init
[...]
    i.HAL_DMA_Abort                          0x08001db0   Section        0  stm32f1xx_hal_dma.o(i.HAL_DMA_Abort)
    i.HAL_DMA_Abort_IT                       0x08001df8   Section        0  stm32f1xx_hal_dma.o(i.HAL_DMA_Abort_IT)
    i.HAL_Delay                              0x08001e90   Section        0  stm32f1xx_hal.o(i.HAL_Delay)
    i.HAL_GPIO_Init                          0x08001eb4   Section        0  stm32f1xx_hal_gpio.o(i.HAL_GPIO_Init)
    i.HAL_GPIO_ReadPin                       0x08002094   Section        0  stm32f1xx_hal_gpio.o(i.HAL_GPIO_ReadPin)
    i.HAL_GPIO_WritePin                      0x0800209e   Section        0  stm32f1xx_hal_gpio.o(i.HAL_GPIO_WritePin)
    i.HAL_GetTick                            0x080020a8   Section        0  stm32f1xx_hal.o(i.HAL_GetTick)
    i.HAL_IncTick                            0x080020b4   Section        0  stm32f1xx_hal.o(i.HAL_IncTick)
    i.HAL_Init                               0x080020c4   Section        0  stm32f1xx_hal.o(i.HAL_Init)
    i.HAL_InitTick                           0x080020e8   Section        0  stm32f1xx_hal.o(i.HAL_InitTick)
    i.HAL_MspInit                            0x08002128   Section        0  stm32f1xx_hal_msp.o(i.HAL_MspInit)
    i.HAL_NVIC_EnableIRQ                     0x08002164   Section        0  stm32f1xx_hal_cortex.o(i.HAL_NVIC_EnableIRQ)
    i.HAL_NVIC_SetPriority                   0x08002180   Section        0  stm32f1xx_hal_cortex.o(i.HAL_NVIC_SetPriority)
    i.HAL_NVIC_SetPriorityGrouping           0x080021c0   Section        0  stm32f1xx_hal_cortex.o(i.HAL_NVIC_SetPriorityGrouping)
    i.HAL_RCCEx_GetPeriphCLKFreq             0x080021e4   Section        0  stm32f1xx_hal_rcc_ex.o(i.HAL_RCCEx_GetPeriphCLKFreq)
    i.HAL_RCCEx_PeriphCLKConfig              0x08002288   Section        0  stm32f1xx_hal_rcc_ex.o(i.HAL_RCCEx_PeriphCLKConfig)
    i.HAL_RCC_ClockConfig                    0x08002374   Section        0  stm32f1xx_hal_rcc.o(i.HAL_RCC_ClockConfig)
    i.HAL_RCC_GetHCLKFreq                    0x080024a0   Section        0  stm32f1xx_hal_rcc.o(i.HAL_RCC_GetHCLKFreq)
    i.HAL_RCC_GetPCLK1Freq                   0x080024ac   Section        0  stm32f1xx_hal_rcc.o(i.HAL_RCC_GetPCLK1Freq)
    i.HAL_RCC_GetPCLK2Freq                   0x080024cc   Section        0  stm32f1xx_hal_rcc.o(i.HAL_RCC_GetPCLK2Freq)
    i.HAL_RCC_GetSysClockFreq                0x080024ec   Section        0  stm32f1xx_hal_rcc.o(i.HAL_RCC_GetSysClockFreq)
    i.HAL_RCC_OscConfig                      0x08002538   Section        0  stm32f1xx_hal_rcc.o(i.HAL_RCC_OscConfig)
    i.HAL_SPI_Init                           0x08002858   Section        0  stm32f1xx_hal_spi.o(i.HAL_SPI_Init)
    i.HAL_SPI_MspInit                        0x0800290c   Section        0  stm32f1xx_hal_msp.o(i.HAL_SPI_MspInit)
    i.HAL_SPI_Receive                        0x0800297c   Section        0  stm32f1xx_hal_spi.o(i.HAL_SPI_Receive)
    i.HAL_SPI_Transmit                       0x08002ad0   Section        0  stm32f1xx_hal_spi.o(i.HAL_SPI_Transmit)
    i.HAL_SPI_TransmitReceive                0x08002c36   Section        0  stm32f1xx_hal_spi.o(i.HAL_SPI_TransmitReceive)
    i.HAL_SYSTICK_Config                     0x08002e26   Section        0  stm32f1xx_hal_cortex.o(i.HAL_SYSTICK_Config)
    i.HAL_TIMEx_MasterConfigSynchronization  0x08002e50   Section        0  stm32f1xx_hal_tim_ex.o(i.HAL_TIMEx_MasterConfigSynchronization)
    i.HAL_TIM_Base_Init                      0x08002eb8   Section        0  stm32f1xx_hal_tim.o(i.HAL_TIM_Base_Init)
    i.HAL_TIM_Base_MspInit                   0x08002f14   Section        0  stm32f1xx_hal_msp.o(i.HAL_TIM_Base_MspInit)
    i.HAL_TIM_Base_Start                     0x08002f3c   Section        0  stm32f1xx_hal_tim.o(i.HAL_TIM_Base_Start)
    i.HAL_TIM_ConfigClockSource              0x08002f8c   Section        0  stm32f1xx_hal_tim.o(i.HAL_TIM_ConfigClockSource)
    i.HAL_UARTEx_RxEventCallback             0x08003068   Section        0  stm32f1xx_hal_uart.o(i.HAL_UARTEx_RxEventCallback)
    i.HAL_UART_ErrorCallback                 0x0800306a   Section        0  stm32f1xx_hal_uart.o(i.HAL_UART_ErrorCallback)
    i.HAL_UART_IRQHandler                    0x0800306c   Section        0  stm32f1xx_hal_uart.o(i.HAL_UART_IRQHandler)
    i.HAL_UART_Init                          0x080032d8   Section        0  stm32f1xx_hal_uart.o(i.HAL_UART_Init)
    i.HAL_UART_MspInit                       0x0800333c   Section        0  stm32f1xx_hal_msp.o(i.HAL_UART_MspInit)
    i.HAL_UART_RxCpltCallback                0x08003414   Section        0  stm32f1xx_hal_uart.o(i.HAL_UART_RxCpltCallback)
    i.HAL_UART_Transmit                      0x08003416   Section        0  stm32f1xx_hal_uart.o(i.HAL_UART_Transmit)
    i.HAL_UART_TxCpltCallback                0x080034b6   Section        0  stm32f1xx_hal_uart.o(i.HAL_UART_TxCpltCallback)
    i.HardFault_Handler                      0x080034b8   Section        0  stm32f1xx_it.o(i.HardFault_Handler)
    i.MX_ADC1_Init                           0x080034bc   Section        0  main.o(i.MX_ADC1_Init)
    MX_ADC1_Init                             0x080034bd   Thumb Code    68  main.o(i.MX_ADC1_Init)
    i.MX_GPIO_Init                           0x08003508   Section        0  main.o(i.MX_GPIO_Init)
    MX_GPIO_Init                             0x08003509   Thumb Code   180  main.o(i.MX_GPIO_Init)
    i.MX_SPI1_Init                           0x080035c8   Section        0  main.o(i.MX_SPI1_Init)
    MX_SPI1_Init                             0x080035c9   Thumb Code    58  main.o(i.MX_SPI1_Init)
    i.MX_TIM1_Init                           0x0800360c   Section        0  main.o(i.MX_TIM1_Init)
    MX_TIM1_Init                             0x0800360d   Thumb Code    96  main.o(i.MX_TIM1_Init)
    i.MemManage_Handler                      0x08003674   Section        0  stm32f1xx_it.o(i.MemManage_Handler)
    i.NMI_Handler                            0x08003676   Section        0  stm32f1xx_it.o(i.NMI_Handler)
    i.NRF24_Config_Common                    0x08003678   Section        0  main.o(i.NRF24_Config_Common)
    i.PendSV_Handler                         0x080036e8   Section        0  stm32f1xx_it.o(i.PendSV_Handler)
    i.ProcessNRFMessage                      0x080036ec   Section        0  main.o(i.ProcessNRFMessage)
    i.Read_All_Sensor                        0x0800379c   Section        0  main.o(i.Read_All_Sensor)
    i.Read_NRF                               0x08003888   Section        0  main.o(i.Read_NRF)
    i.SPI_EndRxTransaction                   0x08003a20   Section        0  stm32f1xx_hal_spi.o(i.SPI_EndRxTransaction)
    SPI_EndRxTransaction                     0x08003a21   Thumb Code    92  stm32f1xx_hal_spi.o(i.SPI_EndRxTransaction)
    i.SPI_EndRxTxTransaction                 0x08003a7c   Section        0  stm32f1xx_hal_spi.o(i.SPI_EndRxTxTransaction)
    SPI_EndRxTxTransaction                   0x08003a7d   Thumb Code    52  stm32f1xx_hal_spi.o(i.SPI_EndRxTxTransaction)
    i.SPI_WaitFlagStateUntilTimeout          0x08003ab0   Section        0  stm32f1xx_hal_spi.o(i.SPI_WaitFlagStateUntilTimeout)
    SPI_WaitFlagStateUntilTimeout            0x08003ab1   Thumb Code   180  stm32f1xx_hal_spi.o(i.SPI_WaitFlagStateUntilTimeout)
    i.SVC_Handler                            0x08003b68   Section        0  stm32f1xx_it.o(i.SVC_Handler)
    i.Set_Pin_Input                          0x08003b6a   Section        0  dht.o(i.Set_Pin_Input)
    i.Set_Pin_Output                         0x08003b7e   Section        0  dht.o(i.Set_Pin_Output)
    i.SysTick_Handler                        0x08003b96   Section        0  stm32f1xx_it.o(i.SysTick_Handler)
    i.SystemClock_Config                     0x08003b9a   Section        0  main.o(i.SystemClock_Config)
    i.SystemInit                             0x08003c12   Section        0  system_stm32f1xx.o(i.SystemInit)
    i.TIM_Base_SetConfig                     0x08003c14   Section        0  stm32f1xx_hal_tim.o(i.TIM_Base_SetConfig)
    i.TIM_ETR_SetConfig                      0x08003c8c   Section        0  stm32f1xx_hal_tim.o(i.TIM_ETR_SetConfig)
    i.TIM_ITRx_SetConfig                     0x08003ca0   Section        0  stm32f1xx_hal_tim.o(i.TIM_ITRx_SetConfig)
    TIM_ITRx_SetConfig                       0x08003ca1   Thumb Code    16  stm32f1xx_hal_tim.o(i.TIM_ITRx_SetConfig)
    i.TIM_TI1_ConfigInputStage               0x08003cb0   Section        0  stm32f1xx_hal_tim.o(i.TIM_TI1_ConfigInputStage)
    TIM_TI1_ConfigInputStage                 0x08003cb1   Thumb Code    34  stm32f1xx_hal_tim.o(i.TIM_TI1_ConfigInputStage)
    i.TIM_TI2_ConfigInputStage               0x08003cd2   Section        0  stm32f1xx_hal_tim.o(i.TIM_TI2_ConfigInputStage)
    TIM_TI2_ConfigInputStage                 0x08003cd3   Thumb Code    36  stm32f1xx_hal_tim.o(i.TIM_TI2_ConfigInputStage)
    i.UART_DMAAbortOnError                   0x08003cf6   Section        0  stm32f1xx_hal_uart.o(i.UART_DMAAbortOnError)
    UART_DMAAbortOnError                     0x08003cf7   Thumb Code    16  stm32f1xx_hal_uart.o(i.UART_DMAAbortOnError)
    i.UART_EndRxTransfer                     0x08003d06   Section        0  stm32f1xx_hal_uart.o(i.UART_EndRxTransfer)
    UART_EndRxTransfer                       0x08003d07   Thumb Code    78  stm32f1xx_hal_uart.o(i.UART_EndRxTransfer)
    i.UART_Receive_IT                        0x08003d54   Section        0  stm32f1xx_hal_uart.o(i.UART_Receive_IT)
    UART_Receive_IT                          0x08003d55   Thumb Code   194  stm32f1xx_hal_uart.o(i.UART_Receive_IT)
    i.UART_SetConfig                         0x08003e18   Section        0  stm32f1xx_hal_uart.o(i.UART_SetConfig)
    UART_SetConfig                           0x08003e19   Thumb Code   178  stm32f1xx_hal_uart.o(i.UART_SetConfig)
    i.UART_WaitOnFlagUntilTimeout            0x08003ed0   Section        0  stm32f1xx_hal_uart.o(i.UART_WaitOnFlagUntilTimeout)
    UART_WaitOnFlagUntilTimeout              0x08003ed1   Thumb Code   114  stm32f1xx_hal_uart.o(i.UART_WaitOnFlagUntilTimeout)
    i.USART1_IRQHandler                      0x08003f44   Section        0  stm32f1xx_it.o(i.USART1_IRQHandler)
    i.USART2_IRQHandler                      0x08003f50   Section        0  stm32f1xx_it.o(i.USART2_IRQHandler)
    i.UsageFault_Handler                     0x08003f5c   Section        0  stm32f1xx_it.o(i.UsageFault_Handler)
    i.__ARM_fpclassify                       0x08003f5e   Section        0  fpclassify.o(i.__ARM_fpclassify)
    i.__NVIC_SetPriority                     0x08003f86   Section        0  stm32f1xx_hal_cortex.o(i.__NVIC_SetPriority)
    __NVIC_SetPriority                       0x08003f87   Thumb Code    32  stm32f1xx_hal_cortex.o(i.__NVIC_SetPriority)
    i._is_digit                              0x08003fa6   Section        0  __printf_wp.o(i._is_digit)
    i.ce_high                                0x08003fb4   Section        0  nrf24.o(i.ce_high)
    i.ce_low                                 0x08003fc4   Section        0  nrf24.o(i.ce_low)
    i.csn_high                               0x08003fd4   Section        0  nrf24.o(i.csn_high)
    i.csn_low                                0x08003fe4   Section        0  nrf24.o(i.csn_low)
    i.delay                                  0x08003ff4   Section        0  dht.o(i.delay)
    i.main                                   0x08004020   Section        0  main.o(i.main)
    i.nrf24_auto_ack                         0x08004210   Section        0  nrf24.o(i.nrf24_auto_ack)
    i.nrf24_auto_ack_all                     0x0800424a   Section        0  nrf24.o(i.nrf24_auto_ack_all)
    i.nrf24_auto_retr_delay                  0x08004272   Section        0  nrf24.o(i.nrf24_auto_retr_delay)
    i.nrf24_auto_retr_limit                  0x08004296   Section        0  nrf24.o(i.nrf24_auto_retr_limit)
    i.nrf24_clear_max_rt                     0x080042b8   Section        0  nrf24.o(i.nrf24_clear_max_rt)
    i.nrf24_clear_rx_dr                      0x080042d8   Section        0  nrf24.o(i.nrf24_clear_rx_dr)
    i.nrf24_clear_tx_ds                      0x080042f8   Section        0  nrf24.o(i.nrf24_clear_tx_ds)
    i.nrf24_data_available                   0x08004318   Section        0  nrf24.o(i.nrf24_data_available)
    i.nrf24_data_rate                        0x0800432e   Section        0  nrf24.o(i.nrf24_data_rate)
    i.nrf24_dpl                              0x0800436c   Section        0  nrf24.o(i.nrf24_dpl)
    i.nrf24_flush_rx                         0x0800439a   Section        0  nrf24.o(i.nrf24_flush_rx)
    i.nrf24_flush_tx                         0x080043ae   Section        0  nrf24.o(i.nrf24_flush_tx)
    i.nrf24_init                             0x080043c2   Section        0  nrf24.o(i.nrf24_init)
    i.nrf24_listen                           0x080043e0   Section        0  nrf24.o(i.nrf24_listen)
    i.nrf24_open_rx_pipe                     0x08004406   Section        0  nrf24.o(i.nrf24_open_rx_pipe)
    i.nrf24_open_tx_pipe                     0x080044b2   Section        0  nrf24.o(i.nrf24_open_tx_pipe)
    i.nrf24_pwr_up                           0x080044bc   Section        0  nrf24.o(i.nrf24_pwr_up)
    i.nrf24_r_pld_wid                        0x080044de   Section        0  nrf24.o(i.nrf24_r_pld_wid)
    i.nrf24_r_reg                            0x08004504   Section        0  nrf24.o(i.nrf24_r_reg)
    i.nrf24_r_spec_reg                       0x08004540   Section        0  nrf24.o(i.nrf24_r_spec_reg)
    i.nrf24_r_status                         0x08004554   Section        0  nrf24.o(i.nrf24_r_status)
    i.nrf24_receive                          0x08004588   Section        0  nrf24.o(i.nrf24_receive)
    i.nrf24_set_addr_width                   0x080045c4   Section        0  nrf24.o(i.nrf24_set_addr_width)
    i.nrf24_set_channel                      0x080045dc   Section        0  nrf24.o(i.nrf24_set_channel)
    i.nrf24_set_crc                          0x080045ea   Section        0  nrf24.o(i.nrf24_set_crc)
    i.nrf24_set_rx_dpl                       0x08004614   Section        0  nrf24.o(i.nrf24_set_rx_dpl)
    i.nrf24_stop_listen                      0x0800464e   Section        0  nrf24.o(i.nrf24_stop_listen)
    i.nrf24_transmit                         0x08004670   Section        0  nrf24.o(i.nrf24_transmit)
    i.nrf24_tx_pwr                           0x080046d0   Section        0  nrf24.o(i.nrf24_tx_pwr)
    i.nrf24_w_reg                            0x080046fc   Section        0  nrf24.o(i.nrf24_w_reg)
    i.nrf24_w_spec_cmd                       0x08004734   Section        0  nrf24.o(i.nrf24_w_spec_cmd)
    i.sendText                               0x0800474c   Section        0  main.o(i.sendText)
    locale$$code                             0x0800476c   Section       44  lc_numeric_c.o(locale$$code)
    x$fpl$dretinf                            0x08004798   Section       12  dretinf.o(x$fpl$dretinf)
    x$fpl$f2d                                0x080047a4   Section       86  f2d.o(x$fpl$f2d)
    x$fpl$fadd                               0x080047fc   Section      196  faddsub_clz.o(x$fpl$fadd)
    _fadd1                                   0x0800480b   Thumb Code     0  faddsub_clz.o(x$fpl$fadd)
    x$fpl$fdiv                               0x080048c0   Section      388  fdiv.o(x$fpl$fdiv)
    _fdiv1                                   0x080048c1   Thumb Code     0  fdiv.o(x$fpl$fdiv)
    x$fpl$ffltu                              0x08004a44   Section       38  fflt_clz.o(x$fpl$ffltu)
    x$fpl$fmul                               0x08004a6c   Section      258  fmul.o(x$fpl$fmul)
    x$fpl$fnaninf                            0x08004b6e   Section      140  fnaninf.o(x$fpl$fnaninf)
    x$fpl$fretinf                            0x08004bfa   Section       10  fretinf.o(x$fpl$fretinf)
    x$fpl$frsb                               0x08004c04   Section       20  faddsub_clz.o(x$fpl$frsb)
    x$fpl$fsub                               0x08004c18   Section      234  faddsub_clz.o(x$fpl$fsub)
    _fsub1                                   0x08004c27   Thumb Code     0  faddsub_clz.o(x$fpl$fsub)
    x$fpl$printf1                            0x08004d02   Section        4  printf1.o(x$fpl$printf1)
    .constdata                               0x08004d06   Section       18  stm32f1xx_hal_rcc.o(.constdata)
    x$fpl$usenofp                            0x08004d06   Section        0  usenofp.o(x$fpl$usenofp)
    aPredivFactorTable                       0x08004d06   Data           2  stm32f1xx_hal_rcc.o(.constdata)
    aPLLMULFactorTable                       0x08004d08   Data          16  stm32f1xx_hal_rcc.o(.constdata)
    .constdata                               0x08004d18   Section       18  stm32f1xx_hal_rcc_ex.o(.constdata)
    aPredivFactorTable                       0x08004d18   Data           2  stm32f1xx_hal_rcc_ex.o(.constdata)
    aPLLMULFactorTable                       0x08004d1a   Data          16  stm32f1xx_hal_rcc_ex.o(.constdata)
    .constdata                               0x08004d2a   Section       16  system_stm32f1xx.o(.constdata)
    .constdata                               0x08004d3a   Section        8  system_stm32f1xx.o(.constdata)
    .constdata                               0x08004d42   Section       40  _printf_hex_int.o(.constdata)
    uc_hextab                                0x08004d42   Data          20  _printf_hex_int.o(.constdata)
    lc_hextab                                0x08004d56   Data          20  _printf_hex_int.o(.constdata)
    .constdata                               0x08004d6a   Section       17  __printf_flags_ss_wp.o(.constdata)
    maptable                                 0x08004d6a   Data          17  __printf_flags_ss_wp.o(.constdata)
    .constdata                               0x08004d7c   Section      148  bigflt0.o(.constdata)
    tenpwrs_x                                0x08004d7c   Data          60  bigflt0.o(.constdata)
    tenpwrs_i                                0x08004db8   Data          64  bigflt0.o(.constdata)
    locale$$data                             0x08004e30   Section       28  lc_numeric_c.o(locale$$data)
    __lcnum_c_name                           0x08004e34   Data           2  lc_numeric_c.o(locale$$data)
    __lcnum_c_start                          0x08004e3c   Data           0  lc_numeric_c.o(locale$$data)
    __lcnum_c_point                          0x08004e48   Data           0  lc_numeric_c.o(locale$$data)
    __lcnum_c_thousands                      0x08004e4a   Data           0  lc_numeric_c.o(locale$$data)
    __lcnum_c_grouping                       0x08004e4b   Data           0  lc_numeric_c.o(locale$$data)
    __lcnum_c_end                            0x08004e4c   Data           0  lc_numeric_c.o(locale$$data)
    .data                                    0x20000000   Section        8  dht.o(.data)
    .data                                    0x20000008   Section       32  main.o(.data)
    last_tx_ms                               0x20000008   Data           4  main.o(.data)
    last_ms                                  0x2000000c   Data           4  main.o(.data)
    .data                                    0x20000028   Section       12  stm32f1xx_hal.o(.data)
    .data                                    0x20000034   Section        4  system_stm32f1xx.o(.data)
    .bss                                     0x20000038   Section      368  main.o(.bss)
    .bss                                     0x200001a8   Section       96  libspace.o(.bss)
    HEAP                                     0x20000208   Section      512  startup_stm32f103xb.o(HEAP)
    Heap_Mem                                 0x20000208   Data         512  startup_stm32f103xb.o(HEAP)
    STACK                                    0x20000408   Section     1024  startup_stm32f103xb.o(STACK)
    Stack_Mem                                0x20000408   Data        1024  startup_stm32f103xb.o(STACK)
    __initial_sp                             0x20000808   Data           0  startup_stm32f103xb.o(STACK)

    Global Symbols

    Symbol Name                              Value     Ov Type        Size  Object(Section)

    BuildAttributes$$THM_ISAv4$P$D$K$B$S$PE$A:L22UL41UL21$X:L11$S22US41US21$IEEE1$IW$USESV6$~STKCKD$USESV7$~SHL$OTIME$ROPI$IEEEJ$EBA8$UX$STANDARDLIB$REQ8$PRES8$EABIv2 0x00000000   Number         0  anon$$obj.o ABSOLUTE
    __ARM_use_no_argv                        0x00000000   Number         0  main.o ABSOLUTE
    _printf_flags                            0x00000000   Number         0  printf_stubs.o ABSOLUTE
    _printf_return_value                     0x00000000   Number         0  printf_stubs.o ABSOLUTE
    _printf_sizespec                         0x00000000   Number         0  printf_stubs.o ABSOLUTE
    _printf_widthprec                        0x00000000   Number         0  printf_stubs.o ABSOLUTE
    __ARM_exceptions_init                     - Undefined Weak Reference
    __alloca_initialize                       - Undefined Weak Reference
    __arm_preinit_                            - Undefined Weak Reference
    __cpp_initialize__aeabi_                  - Undefined Weak Reference
    __cxa_finalize                            - Undefined Weak Reference
    __sigvec_lookup                           - Undefined Weak Reference
    _atexit_init                              - Undefined Weak Reference
    _call_atexit_fns                          - Undefined Weak Reference
    _clock_init                               - Undefined Weak Reference
    _fp_trap_init                             - Undefined Weak Reference
    _fp_trap_shutdown                         - Undefined Weak Reference
    _get_lc_collate                           - Undefined Weak Reference
    _get_lc_ctype                             - Undefined Weak Reference
    _get_lc_monetary                          - Undefined Weak Reference
    _get_lc_time                              - Undefined Weak Reference
    _getenv_init                              - Undefined Weak Reference
    _handle_redirection                       - Undefined Weak Reference
    _init_alloc                               - Undefined Weak Reference
    _init_user_alloc                          - Undefined Weak Reference
    _initio                                   - Undefined Weak Reference
    _printf_truncate_signed                   - Undefined Weak Reference
    _printf_truncate_unsigned                 - Undefined Weak Reference
    _rand_init                                - Undefined Weak Reference
    _signal_finish                            - Undefined Weak Reference
    _signal_init                              - Undefined Weak Reference
    _terminate_alloc                          - Undefined Weak Reference
    _terminate_user_alloc                     - Undefined Weak Reference
    _terminateio                              - Undefined Weak Reference
    __Vectors_Size                           0x000000ec   Number         0  startup_stm32f103xb.o ABSOLUTE
    __Vectors                                0x08000000   Data           4  startup_stm32f103xb.o(RESET)
    __Vectors_End                            0x080000ec   Data           0  startup_stm32f103xb.o(RESET)
    __main                                   0x080000ed   Thumb Code     8  __main.o(!!!main)
    __scatterload                            0x080000f5   Thumb Code     0  __scatter.o(!!!scatter)
    __scatterload_rt2                        0x080000f5   Thumb Code    44  __scatter.o(!!!scatter)
    __scatterload_rt2_thumb_only             0x080000f5   Thumb Code     0  __scatter.o(!!!scatter)
    __scatterload_null                       0x08000103   Thumb Code     0  __scatter.o(!!!scatter)
    __scatterload_copy                       0x08000129   Thumb Code    26  __scatter_copy.o(!!handler_copy)
    __scatterload_zeroinit                   0x08000145   Thumb Code    28  __scatter_zi.o(!!handler_zi)
    _printf_f                                0x08000161   Thumb Code     0  _printf_f.o(.ARM.Collect$$_printf_percent$$00000003)
    _printf_percent                          0x08000161   Thumb Code     0  _printf_percent.o(.ARM.Collect$$_printf_percent$$00000000)
    _printf_d                                0x08000167   Thumb Code     0  _printf_d.o(.ARM.Collect$$_printf_percent$$00000009)
    _printf_u                                0x0800016d   Thumb Code     0  _printf_u.o(.ARM.Collect$$_printf_percent$$0000000A)
    _printf_x                                0x08000173   Thumb Code     0  _printf_x.o(.ARM.Collect$$_printf_percent$$0000000C)
    _printf_percent_end                      0x08000179   Thumb Code     0  _printf_percent_end.o(.ARM.Collect$$_printf_percent$$00000017)
    __rt_lib_init                            0x0800017d   Thumb Code     0  libinit.o(.ARM.Collect$$libinit$$00000000)
    __rt_lib_init_fp_1                       0x0800017f   Thumb Code     0  libinit2.o(.ARM.Collect$$libinit$$00000002)
    __rt_lib_init_heap_1                     0x0800017f   Thumb Code     0  libinit2.o(.ARM.Collect$$libinit$$0000000A)
    __rt_lib_init_lc_common                  0x0800017f   Thumb Code     0  libinit2.o(.ARM.Collect$$libinit$$0000000F)
    __rt_lib_init_preinit_1                  0x0800017f   Thumb Code     0  libinit2.o(.ARM.Collect$$libinit$$00000004)
    __rt_lib_init_rand_1                     0x0800017f   Thumb Code     0  libinit2.o(.ARM.Collect$$libinit$$0000000E)
    __rt_lib_init_user_alloc_1               0x0800017f   Thumb Code     0  libinit2.o(.ARM.Collect$$libinit$$0000000C)
    __rt_lib_init_lc_collate_1               0x08000185   Thumb Code     0  libinit2.o(.ARM.Collect$$libinit$$00000011)
    __rt_lib_init_lc_ctype_1                 0x08000185   Thumb Code     0  libinit2.o(.ARM.Collect$$libinit$$00000013)
    __rt_lib_init_lc_monetary_1              0x08000185   Thumb Code     0  libinit2.o(.ARM.Collect$$libinit$$00000015)
    __rt_lib_init_lc_numeric_2               0x08000185   Thumb Code     0  libinit2.o(.ARM.Collect$$libinit$$00000016)
    __rt_lib_init_alloca_1                   0x0800018f   Thumb Code     0  libinit2.o(.ARM.Collect$$libinit$$0000002E)
    __rt_lib_init_argv_1                     0x0800018f   Thumb Code     0  libinit2.o(.ARM.Collect$$libinit$$0000002C)
    __rt_lib_init_atexit_1                   0x0800018f   Thumb Code     0  libinit2.o(.ARM.Collect$$libinit$$0000001B)
    __rt_lib_init_clock_1                    0x0800018f   Thumb Code     0  libinit2.o(.ARM.Collect$$libinit$$00000021)
    __rt_lib_init_cpp_1                      0x0800018f   Thumb Code     0  libinit2.o(.ARM.Collect$$libinit$$00000032)
    __rt_lib_init_exceptions_1               0x0800018f   Thumb Code     0  libinit2.o(.ARM.Collect$$libinit$$00000030)
    __rt_lib_init_fp_trap_1                  0x0800018f   Thumb Code     0  libinit2.o(.ARM.Collect$$libinit$$0000001F)
    __rt_lib_init_getenv_1                   0x0800018f   Thumb Code     0  libinit2.o(.ARM.Collect$$libinit$$00000023)
    __rt_lib_init_lc_numeric_1               0x0800018f   Thumb Code     0  libinit2.o(.ARM.Collect$$libinit$$00000017)
    __rt_lib_init_lc_time_1                  0x0800018f   Thumb Code     0  libinit2.o(.ARM.Collect$$libinit$$00000019)
    __rt_lib_init_return                     0x0800018f   Thumb Code     0  libinit2.o(.ARM.Collect$$libinit$$00000033)
    __rt_lib_init_signal_1                   0x0800018f   Thumb Code     0  libinit2.o(.ARM.Collect$$libinit$$0000001D)
    __rt_lib_init_stdio_1                    0x0800018f   Thumb Code     0  libinit2.o(.ARM.Collect$$libinit$$00000025)
    __rt_lib_shutdown                        0x08000191   Thumb Code     0  libshutdown.o(.ARM.Collect$$libshutdown$$00000000)
    __rt_lib_shutdown_cpp_1                  0x08000193   Thumb Code     0  libshutdown2.o(.ARM.Collect$$libshutdown$$00000002)
    __rt_lib_shutdown_fp_trap_1              0x08000193   Thumb Code     0  libshutdown2.o(.ARM.Collect$$libshutdown$$00000007)
    __rt_lib_shutdown_heap_1                 0x08000193   Thumb Code     0  libshutdown2.o(.ARM.Collect$$libshutdown$$0000000F)
    __rt_lib_shutdown_return                 0x08000193   Thumb Code     0  libshutdown2.o(.ARM.Collect$$libshutdown$$00000010)
    __rt_lib_shutdown_signal_1               0x08000193   Thumb Code     0  libshutdown2.o(.ARM.Collect$$libshutdown$$0000000A)
    __rt_lib_shutdown_stdio_1                0x08000193   Thumb Code     0  libshutdown2.o(.ARM.Collect$$libshutdown$$00000004)
    __rt_lib_shutdown_user_alloc_1           0x08000193   Thumb Code     0  libshutdown2.o(.ARM.Collect$$libshutdown$$0000000C)
    __rt_entry                               0x08000195   Thumb Code     0  __rtentry.o(.ARM.Collect$$rtentry$$00000000)
    __rt_entry_presh_1                       0x08000195   Thumb Code     0  __rtentry2.o(.ARM.Collect$$rtentry$$00000002)
    __rt_entry_sh                            0x08000195   Thumb Code     0  __rtentry4.o(.ARM.Collect$$rtentry$$00000004)
    __rt_entry_li                            0x0800019b   Thumb Code     0  __rtentry2.o(.ARM.Collect$$rtentry$$0000000A)
    __rt_entry_postsh_1                      0x0800019b   Thumb Code     0  __rtentry2.o(.ARM.Collect$$rtentry$$00000009)
    __rt_entry_main                          0x0800019f   Thumb Code     0  __rtentry2.o(.ARM.Collect$$rtentry$$0000000D)
    __rt_entry_postli_1                      0x0800019f   Thumb Code     0  __rtentry2.o(.ARM.Collect$$rtentry$$0000000C)
    __rt_exit                                0x080001a7   Thumb Code     0  rtexit.o(.ARM.Collect$$rtexit$$00000000)
    __rt_exit_ls                             0x080001a9   Thumb Code     0  rtexit2.o(.ARM.Collect$$rtexit$$00000003)
    __rt_exit_prels_1                        0x080001a9   Thumb Code     0  rtexit2.o(.ARM.Collect$$rtexit$$00000002)
    __rt_exit_exit                           0x080001ad   Thumb Code     0  rtexit2.o(.ARM.Collect$$rtexit$$00000004)
    Reset_Handler                            0x080001b5   Thumb Code     8  startup_stm32f103xb.o(.text)
    ADC1_2_IRQHandler                        0x080001cf   Thumb Code     0  startup_stm32f103xb.o(.text)
    CAN1_RX1_IRQHandler                      0x080001cf   Thumb Code     0  startup_stm32f103xb.o(.text)
    CAN1_SCE_IRQHandler                      0x080001cf   Thumb Code     0  startup_stm32f103xb.o(.text)
    DMA1_Channel1_IRQHandler                 0x080001cf   Thumb Code     0  startup_stm32f103xb.o(.text)
    DMA1_Channel2_IRQHandler                 0x080001cf   Thumb Code     0  startup_stm32f103xb.o(.text)
    DMA1_Channel3_IRQHandler                 0x080001cf   Thumb Code     0  startup_stm32f103xb.o(.text)
    DMA1_Channel4_IRQHandler                 0x080001cf   Thumb Code     0  startup_stm32f103xb.o(.text)
    DMA1_Channel5_IRQHandler                 0x080001cf   Thumb Code     0  startup_stm32f103xb.o(.text)
    DMA1_Channel6_IRQHandler                 0x080001cf   Thumb Code     0  startup_stm32f103xb.o(.text)
    DMA1_Channel7_IRQHandler                 0x080001cf   Thumb Code     0  startup_stm32f103xb.o(.text)
    EXTI0_IRQHandler                         0x080001cf   Thumb Code     0  startup_stm32f103xb.o(.text)
    EXTI15_10_IRQHandler                     0x080001cf   Thumb Code     0  startup_stm32f103xb.o(.text)
    EXTI1_IRQHandler                         0x080001cf   Thumb Code     0  startup_stm32f103xb.o(.text)
    EXTI2_IRQHandler                         0x080001cf   Thumb Code     0  startup_stm32f103xb.o(.text)
    EXTI3_IRQHandler                         0x080001cf   Thumb Code     0  startup_stm32f103xb.o(.text)
    EXTI4_IRQHandler                         0x080001cf   Thumb Code     0  startup_stm32f103xb.o(.text)
    EXTI9_5_IRQHandler                       0x080001cf   Thumb Code     0  startup_stm32f103xb.o(.text)
    FLASH_IRQHandler                         0x080001cf   Thumb Code     0  startup_stm32f103xb.o(.text)
    I2C1_ER_IRQHandler                       0x080001cf   Thumb Code     0  startup_stm32f103xb.o(.text)
    I2C1_EV_IRQHandler                       0x080001cf   Thumb Code     0  startup_stm32f103xb.o(.text)
    I2C2_ER_IRQHandler                       0x080001cf   Thumb Code     0  startup_stm32f103xb.o(.text)
    I2C2_EV_IRQHandler                       0x080001cf   Thumb Code     0  startup_stm32f103xb.o(.text)
    PVD_IRQHandler                           0x080001cf   Thumb Code     0  startup_stm32f103xb.o(.text)
    RCC_IRQHandler                           0x080001cf   Thumb Code     0  startup_stm32f103xb.o(.text)
    RTC_Alarm_IRQHandler                     0x080001cf   Thumb Code     0  startup_stm32f103xb.o(.text)
    RTC_IRQHandler                           0x080001cf   Thumb Code     0  startup_stm32f103xb.o(.text)
    SPI1_IRQHandler                          0x080001cf   Thumb Code     0  startup_stm32f103xb.o(.text)
    SPI2_IRQHandler                          0x080001cf   Thumb Code     0  startup_stm32f103xb.o(.text)
    TAMPER_IRQHandler                        0x080001cf   Thumb Code     0  startup_stm32f103xb.o(.text)
    TIM1_BRK_IRQHandler                      0x080001cf   Thumb Code     0  startup_stm32f103xb.o(.text)
    TIM1_CC_IRQHandler                       0x080001cf   Thumb Code     0  startup_stm32f103xb.o(.text)
    TIM1_TRG_COM_IRQHandler                  0x080001cf   Thumb Code     0  startup_stm32f103xb.o(.text)
    TIM1_UP_IRQHandler                       0x080001cf   Thumb Code     0  startup_stm32f103xb.o(.text)
    TIM2_IRQHandler                          0x080001cf   Thumb Code     0  startup_stm32f103xb.o(.text)
    TIM3_IRQHandler                          0x080001cf   Thumb Code     0  startup_stm32f103xb.o(.text)
    TIM4_IRQHandler                          0x080001cf   Thumb Code     0  startup_stm32f103xb.o(.text)
    USART3_IRQHandler                        0x080001cf   Thumb Code     0  startup_stm32f103xb.o(.text)
    USBWakeUp_IRQHandler                     0x080001cf   Thumb Code     0  startup_stm32f103xb.o(.text)
    USB_HP_CAN1_TX_IRQHandler                0x080001cf   Thumb Code     0  startup_stm32f103xb.o(.text)
    USB_LP_CAN1_RX0_IRQHandler               0x080001cf   Thumb Code     0  startup_stm32f103xb.o(.text)
    WWDG_IRQHandler                          0x080001cf   Thumb Code     0  startup_stm32f103xb.o(.text)
    __user_initial_stackheap                 0x080001d1   Thumb Code     0  startup_stm32f103xb.o(.text)
    __2sprintf                               0x080001f5   Thumb Code    34  noretval__2sprintf.o(.text)
    _printf_pre_padding                      0x0800021d   Thumb Code    44  _printf_pad.o(.text)
    _printf_post_padding                     0x08000249   Thumb Code    34  _printf_pad.o(.text)
    _printf_int_dec                          0x0800026d   Thumb Code   104  _printf_dec.o(.text)
    _printf_int_hex                          0x080002e5   Thumb Code    84  _printf_hex_int.o(.text)
    _printf_longlong_hex                     0x080002e5   Thumb Code     0  _printf_hex_int.o(.text)
    __printf                                 0x0800033d   Thumb Code   388  __printf_flags_ss_wp.o(.text)
    strlen                                   0x080004c5   Thumb Code    62  strlen.o(.text)
    __aeabi_memclr4                          0x08000503   Thumb Code     0  rt_memclr_w.o(.text)
    __aeabi_memclr8                          0x08000503   Thumb Code     0  rt_memclr_w.o(.text)
    __rt_memclr_w                            0x08000503   Thumb Code    78  rt_memclr_w.o(.text)
    _memset_w                                0x08000507   Thumb Code     0  rt_memclr_w.o(.text)
    __use_two_region_memory                  0x08000551   Thumb Code     2  heapauxi.o(.text)
    __rt_heap_escrow$2region                 0x08000553   Thumb Code     2  heapauxi.o(.text)
    __rt_heap_expand$2region                 0x08000555   Thumb Code     2  heapauxi.o(.text)
    _printf_int_common                       0x08000557   Thumb Code   178  _printf_intcommon.o(.text)
    __lib_sel_fp_printf                      0x08000609   Thumb Code     2  _printf_fp_dec.o(.text)
    _printf_fp_dec_real                      0x080007bb   Thumb Code   620  _printf_fp_dec.o(.text)
    _printf_char_common                      0x08000a33   Thumb Code    32  _printf_char_common.o(.text)
    _sputc                                   0x08000a59   Thumb Code    10  _sputc.o(.text)
    __rt_locale                              0x08000a65   Thumb Code     8  rt_locale_intlibspace.o(.text)
    _ll_udiv10                               0x08000a6d   Thumb Code   138  lludiv10.o(.text)
    _printf_fp_infnan                        0x08000af9   Thumb Code   112  _printf_fp_infnan.o(.text)
    _btod_etento                             0x08000b79   Thumb Code   224  bigflt0.o(.text)
    __user_libspace                          0x08000c5d   Thumb Code     8  libspace.o(.text)
    __user_perproc_libspace                  0x08000c5d   Thumb Code     0  libspace.o(.text)
    __user_perthread_libspace                0x08000c5d   Thumb Code     0  libspace.o(.text)
    __user_setup_stackheap                   0x08000c65   Thumb Code    74  sys_stackheap_outer.o(.text)
    exit                                     0x08000caf   Thumb Code    18  exit.o(.text)
    strcmp                                   0x08000cc1   Thumb Code   128  strcmpv7m.o(.text)
    _sys_exit                                0x08000d41   Thumb Code     8  sys_exit.o(.text)
    __I$use$semihosting                      0x08000d4d   Thumb Code     0  use_no_semi.o(.text)
    __use_no_semihosting_swi                 0x08000d4d   Thumb Code     2  use_no_semi.o(.text)
    __semihosting_library_function           0x08000d4f   Thumb Code     0  indicate_semi.o(.text)
    _btod_d2e                                0x08000d4f   Thumb Code    62  btod.o(CL$$btod_d2e)
    _d2e_denorm_low                          0x08000d8d   Thumb Code    70  btod.o(CL$$btod_d2e_denorm_low)
    _d2e_norm_op1                            0x08000dd3   Thumb Code    96  btod.o(CL$$btod_d2e_norm_op1)
    __btod_div_common                        0x08000e33   Thumb Code   696  btod.o(CL$$btod_div_common)
    _e2e                                     0x0800116b   Thumb Code   220  btod.o(CL$$btod_e2e)
    _btod_ediv                               0x08001247   Thumb Code    42  btod.o(CL$$btod_ediv)
    _btod_emul                               0x08001271   Thumb Code    42  btod.o(CL$$btod_emul)
    __btod_mult_common                       0x0800129b   Thumb Code   580  btod.o(CL$$btod_mult_common)
    ADC_ConversionStop_Disable               0x080014e1   Thumb Code    86  stm32f1xx_hal_adc.o(i.ADC_ConversionStop_Disable)
    ADC_Enable                               0x08001539   Thumb Code   114  stm32f1xx_hal_adc.o(i.ADC_Enable)
    BusFault_Handler                         0x080015b5   Thumb Code     2  stm32f1xx_it.o(i.BusFault_Handler)
    Compute_Soil_Moisture                    0x080015b9   Thumb Code    52  main.o(i.Compute_Soil_Moisture)
    Control_Device_Auto                      0x080015f9   Thumb Code   148  main.o(i.Control_Device_Auto)
    Control_Device_Manual                    0x08001699   Thumb Code    80  main.o(i.Control_Device_Manual)
    DHT_Check_Response                       0x080016ed   Thumb Code   140  dht.o(i.DHT_Check_Response)
    DHT_GetData                              0x080017b5   Thumb Code    82  dht.o(i.DHT_GetData)
    DHT_Read                                 0x0800180d   Thumb Code    88  dht.o(i.DHT_Read)
    DHT_Start                                0x08001869   Thumb Code    62  dht.o(i.DHT_Start)
    DWT_Delay_Init                           0x080018ad   Thumb Code    58  dht.o(i.DWT_Delay_Init)
    DebugMon_Handler                         0x080018f1   Thumb Code     2  stm32f1xx_it.o(i.DebugMon_Handler)
    Garden_getDoAmDat                        0x080018f3   Thumb Code     4  garden.o(i.Garden_getDoAmDat)
    Garden_getNhietDo                        0x080018f7   Thumb Code     4  garden.o(i.Garden_getNhietDo)
    Garden_setDoAm                           0x080018fb   Thumb Code     4  garden.o(i.Garden_setDoAm)
    Garden_setDoAmDat                        0x080018ff   Thumb Code     4  garden.o(i.Garden_setDoAmDat)
    Garden_setNhietDo                        0x08001903   Thumb Code     4  garden.o(i.Garden_setNhietDo)
    HAL_ADC_ConfigChannel                    0x08001909   Thumb Code   240  stm32f1xx_hal_adc.o(i.HAL_ADC_ConfigChannel)
    HAL_ADC_GetValue                         0x08001a05   Thumb Code     6  stm32f1xx_hal_adc.o(i.HAL_ADC_GetValue)
    HAL_ADC_Init                             0x08001a0d   Thumb Code   272  stm32f1xx_hal_adc.o(i.HAL_ADC_Init)
    HAL_ADC_MspInit                          0x08001b29   Thumb Code    76  stm32f1xx_hal_msp.o(i.HAL_ADC_MspInit)
    HAL_ADC_PollForConversion                0x08001b81   Thumb Code   304  stm32f1xx_hal_adc.o(i.HAL_ADC_PollForConversion)
    HAL_ADC_Start                            0x08001cbd   Thumb Code   184  stm32f1xx_hal_adc.o(i.HAL_ADC_Start)
    HAL_ADC_Stop                             0x08001d7d   Thumb Code    52  stm32f1xx_hal_adc.o(i.HAL_ADC_Stop)
    HAL_DMA_Abort                            0x08001db1   Thumb Code    70  stm32f1xx_hal_dma.o(i.HAL_DMA_Abort)
    HAL_DMA_Abort_IT                         0x08001df9   Thumb Code   148  stm32f1xx_hal_dma.o(i.HAL_DMA_Abort_IT)
    HAL_Delay                                0x08001e91   Thumb Code    32  stm32f1xx_hal.o(i.HAL_Delay)
    HAL_GPIO_Init                            0x08001eb5   Thumb Code   446  stm32f1xx_hal_gpio.o(i.HAL_GPIO_Init)
    HAL_GPIO_ReadPin                         0x08002095   Thumb Code    10  stm32f1xx_hal_gpio.o(i.HAL_GPIO_ReadPin)
    HAL_GPIO_WritePin                        0x0800209f   Thumb Code    10  stm32f1xx_hal_gpio.o(i.HAL_GPIO_WritePin)
    HAL_GetTick                              0x080020a9   Thumb Code     6  stm32f1xx_hal.o(i.HAL_GetTick)
    HAL_IncTick                              0x080020b5   Thumb Code    12  stm32f1xx_hal.o(i.HAL_IncTick)
    HAL_Init                                 0x080020c5   Thumb Code    32  stm32f1xx_hal.o(i.HAL_Init)
    HAL_InitTick                             0x080020e9   Thumb Code    54  stm32f1xx_hal.o(i.HAL_InitTick)
    HAL_MspInit                              0x08002129   Thumb Code    52  stm32f1xx_hal_msp.o(i.HAL_MspInit)
    HAL_NVIC_EnableIRQ                       0x08002165   Thumb Code    26  stm32f1xx_hal_cortex.o(i.HAL_NVIC_EnableIRQ)
    HAL_NVIC_SetPriority                     0x08002181   Thumb Code    60  stm32f1xx_hal_cortex.o(i.HAL_NVIC_SetPriority)
    HAL_NVIC_SetPriorityGrouping             0x080021c1   Thumb Code    26  stm32f1xx_hal_cortex.o(i.HAL_NVIC_SetPriorityGrouping)
    HAL_RCCEx_GetPeriphCLKFreq               0x080021e5   Thumb Code   148  stm32f1xx_hal_rcc_ex.o(i.HAL_RCCEx_GetPeriphCLKFreq)
    HAL_RCCEx_PeriphCLKConfig                0x08002289   Thumb Code   224  stm32f1xx_hal_rcc_ex.o(i.HAL_RCCEx_PeriphCLKConfig)
    HAL_RCC_ClockConfig                      0x08002375   Thumb Code   280  stm32f1xx_hal_rcc.o(i.HAL_RCC_ClockConfig)
    HAL_RCC_GetHCLKFreq                      0x080024a1   Thumb Code     6  stm32f1xx_hal_rcc.o(i.HAL_RCC_GetHCLKFreq)
    HAL_RCC_GetPCLK1Freq                     0x080024ad   Thumb Code    20  stm32f1xx_hal_rcc.o(i.HAL_RCC_GetPCLK1Freq)
    HAL_RCC_GetPCLK2Freq                     0x080024cd   Thumb Code    20  stm32f1xx_hal_rcc.o(i.HAL_RCC_GetPCLK2Freq)
    HAL_RCC_GetSysClockFreq                  0x080024ed   Thumb Code    58  stm32f1xx_hal_rcc.o(i.HAL_RCC_GetSysClockFreq)
    HAL_RCC_OscConfig                        0x08002539   Thumb Code   778  stm32f1xx_hal_rcc.o(i.HAL_RCC_OscConfig)
    HAL_SPI_Init                             0x08002859   Thumb Code   178  stm32f1xx_hal_spi.o(i.HAL_SPI_Init)
    HAL_SPI_MspInit                          0x0800290d   Thumb Code    98  stm32f1xx_hal_msp.o(i.HAL_SPI_MspInit)
    HAL_SPI_Receive                          0x0800297d   Thumb Code   340  stm32f1xx_hal_spi.o(i.HAL_SPI_Receive)
    HAL_SPI_Transmit                         0x08002ad1   Thumb Code   358  stm32f1xx_hal_spi.o(i.HAL_SPI_Transmit)
    HAL_SPI_TransmitReceive                  0x08002c37   Thumb Code   496  stm32f1xx_hal_spi.o(i.HAL_SPI_TransmitReceive)
    HAL_SYSTICK_Config                       0x08002e27   Thumb Code    40  stm32f1xx_hal_cortex.o(i.HAL_SYSTICK_Config)
    HAL_TIMEx_MasterConfigSynchronization    0x08002e51   Thumb Code    92  stm32f1xx_hal_tim_ex.o(i.HAL_TIMEx_MasterConfigSynchronization)
    HAL_TIM_Base_Init                        0x08002eb9   Thumb Code    90  stm32f1xx_hal_tim.o(i.HAL_TIM_Base_Init)
    HAL_TIM_Base_MspInit                     0x08002f15   Thumb Code    30  stm32f1xx_hal_msp.o(i.HAL_TIM_Base_MspInit)
    HAL_TIM_Base_Start                       0x08002f3d   Thumb Code    66  stm32f1xx_hal_tim.o(i.HAL_TIM_Base_Start)
    HAL_TIM_ConfigClockSource                0x08002f8d   Thumb Code   220  stm32f1xx_hal_tim.o(i.HAL_TIM_ConfigClockSource)
    HAL_UARTEx_RxEventCallback               0x08003069   Thumb Code     2  stm32f1xx_hal_uart.o(i.HAL_UARTEx_RxEventCallback)
    HAL_UART_ErrorCallback                   0x0800306b   Thumb Code     2  stm32f1xx_hal_uart.o(i.HAL_UART_ErrorCallback)
    HAL_UART_IRQHandler                      0x0800306d   Thumb Code   616  stm32f1xx_hal_uart.o(i.HAL_UART_IRQHandler)
    HAL_UART_Init                            0x080032d9   Thumb Code   100  stm32f1xx_hal_uart.o(i.HAL_UART_Init)
    HAL_UART_MspInit                         0x0800333d   Thumb Code   198  stm32f1xx_hal_msp.o(i.HAL_UART_MspInit)
    HAL_UART_RxCpltCallback                  0x08003415   Thumb Code     2  stm32f1xx_hal_uart.o(i.HAL_UART_RxCpltCallback)
    HAL_UART_Transmit                        0x08003417   Thumb Code   160  stm32f1xx_hal_uart.o(i.HAL_UART_Transmit)
    HAL_UART_TxCpltCallback                  0x080034b7   Thumb Code     2  stm32f1xx_hal_uart.o(i.HAL_UART_TxCpltCallback)
    HardFault_Handler                        0x080034b9   Thumb Code     2  stm32f1xx_it.o(i.HardFault_Handler)
    MemManage_Handler                        0x08003675   Thumb Code     2  stm32f1xx_it.o(i.MemManage_Handler)
    NMI_Handler                              0x08003677   Thumb Code     2  stm32f1xx_it.o(i.NMI_Handler)
    NRF24_Config_Common                      0x08003679   Thumb Code   106  main.o(i.NRF24_Config_Common)
    PendSV_Handler                           0x080036e9   Thumb Code     2  stm32f1xx_it.o(i.PendSV_Handler)
    ProcessNRFMessage                        0x080036ed   Thumb Code    72  main.o(i.ProcessNRFMessage)
    Read_All_Sensor                          0x0800379d   Thumb Code   172  main.o(i.Read_All_Sensor)
    Read_NRF                                 0x08003889   Thumb Code   290  main.o(i.Read_NRF)
    SVC_Handler                              0x08003b69   Thumb Code     2  stm32f1xx_it.o(i.SVC_Handler)
    Set_Pin_Input                            0x08003b6b   Thumb Code    20  dht.o(i.Set_Pin_Input)
    Set_Pin_Output                           0x08003b7f   Thumb Code    24  dht.o(i.Set_Pin_Output)
    SysTick_Handler                          0x08003b97   Thumb Code     4  stm32f1xx_it.o(i.SysTick_Handler)
    SystemClock_Config                       0x08003b9b   Thumb Code   120  main.o(i.SystemClock_Config)
    SystemInit                               0x08003c13   Thumb Code     2  system_stm32f1xx.o(i.SystemInit)
    TIM_Base_SetConfig                       0x08003c15   Thumb Code   108  stm32f1xx_hal_tim.o(i.TIM_Base_SetConfig)
    TIM_ETR_SetConfig                        0x08003c8d   Thumb Code    20  stm32f1xx_hal_tim.o(i.TIM_ETR_SetConfig)
    USART1_IRQHandler                        0x08003f45   Thumb Code     6  stm32f1xx_it.o(i.USART1_IRQHandler)
    USART2_IRQHandler                        0x08003f51   Thumb Code     6  stm32f1xx_it.o(i.USART2_IRQHandler)
    UsageFault_Handler                       0x08003f5d   Thumb Code     2  stm32f1xx_it.o(i.UsageFault_Handler)
    __ARM_fpclassify                         0x08003f5f   Thumb Code    40  fpclassify.o(i.__ARM_fpclassify)
    _is_digit                                0x08003fa7   Thumb Code    14  __printf_wp.o(i._is_digit)
    ce_high                                  0x08003fb5   Thumb Code    10  nrf24.o(i.ce_high)
    ce_low                                   0x08003fc5   Thumb Code    10  nrf24.o(i.ce_low)
    csn_high                                 0x08003fd5   Thumb Code    10  nrf24.o(i.csn_high)
    csn_low                                  0x08003fe5   Thumb Code    10  nrf24.o(i.csn_low)
    delay                                    0x08003ff5   Thumb Code    34  dht.o(i.delay)
    main                                     0x08004021   Thumb Code   230  main.o(i.main)
    nrf24_auto_ack                           0x08004211   Thumb Code    58  nrf24.o(i.nrf24_auto_ack)
    nrf24_auto_ack_all                       0x0800424b   Thumb Code    40  nrf24.o(i.nrf24_auto_ack_all)
    nrf24_auto_retr_delay                    0x08004273   Thumb Code    36  nrf24.o(i.nrf24_auto_retr_delay)
    nrf24_auto_retr_limit                    0x08004297   Thumb Code    34  nrf24.o(i.nrf24_auto_retr_limit)
    nrf24_clear_max_rt                       0x080042b9   Thumb Code    32  nrf24.o(i.nrf24_clear_max_rt)
    nrf24_clear_rx_dr                        0x080042d9   Thumb Code    32  nrf24.o(i.nrf24_clear_rx_dr)
    nrf24_clear_tx_ds                        0x080042f9   Thumb Code    32  nrf24.o(i.nrf24_clear_tx_ds)
    nrf24_data_available                     0x08004319   Thumb Code    22  nrf24.o(i.nrf24_data_available)
    nrf24_data_rate                          0x0800432f   Thumb Code    62  nrf24.o(i.nrf24_data_rate)
    nrf24_dpl                                0x0800436d   Thumb Code    46  nrf24.o(i.nrf24_dpl)
    nrf24_flush_rx                           0x0800439b   Thumb Code    20  nrf24.o(i.nrf24_flush_rx)
    nrf24_flush_tx                           0x080043af   Thumb Code    20  nrf24.o(i.nrf24_flush_tx)
    nrf24_init                               0x080043c3   Thumb Code    30  nrf24.o(i.nrf24_init)
    nrf24_listen                             0x080043e1   Thumb Code    38  nrf24.o(i.nrf24_listen)
    nrf24_open_rx_pipe                       0x08004407   Thumb Code   172  nrf24.o(i.nrf24_open_rx_pipe)
    nrf24_open_tx_pipe                       0x080044b3   Thumb Code    10  nrf24.o(i.nrf24_open_tx_pipe)
    nrf24_pwr_up                             0x080044bd   Thumb Code    34  nrf24.o(i.nrf24_pwr_up)
    nrf24_r_pld_wid                          0x080044df   Thumb Code    36  nrf24.o(i.nrf24_r_pld_wid)
    nrf24_r_reg                              0x08004505   Thumb Code    56  nrf24.o(i.nrf24_r_reg)
    nrf24_r_spec_reg                         0x08004541   Thumb Code    14  nrf24.o(i.nrf24_r_spec_reg)
    nrf24_r_status                           0x08004555   Thumb Code    46  nrf24.o(i.nrf24_r_status)
    nrf24_receive                            0x08004589   Thumb Code    54  nrf24.o(i.nrf24_receive)
    nrf24_set_addr_width                     0x080045c5   Thumb Code    24  nrf24.o(i.nrf24_set_addr_width)
    nrf24_set_channel                        0x080045dd   Thumb Code    14  nrf24.o(i.nrf24_set_channel)
    nrf24_set_crc                            0x080045eb   Thumb Code    42  nrf24.o(i.nrf24_set_crc)
    nrf24_set_rx_dpl                         0x08004615   Thumb Code    58  nrf24.o(i.nrf24_set_rx_dpl)
    nrf24_stop_listen                        0x0800464f   Thumb Code    34  nrf24.o(i.nrf24_stop_listen)
    nrf24_transmit                           0x08004671   Thumb Code    90  nrf24.o(i.nrf24_transmit)
    nrf24_tx_pwr                             0x080046d1   Thumb Code    42  nrf24.o(i.nrf24_tx_pwr)
    nrf24_w_reg                              0x080046fd   Thumb Code    52  nrf24.o(i.nrf24_w_reg)
    nrf24_w_spec_cmd                         0x08004735   Thumb Code    18  nrf24.o(i.nrf24_w_spec_cmd)
    sendText                                 0x0800474d   Thumb Code    26  main.o(i.sendText)
    _get_lc_numeric                          0x0800476d   Thumb Code    44  lc_numeric_c.o(locale$$code)
    __fpl_dretinf                            0x08004799   Thumb Code    12  dretinf.o(x$fpl$dretinf)
    __aeabi_f2d                              0x080047a5   Thumb Code     0  f2d.o(x$fpl$f2d)
    _f2d                                     0x080047a5   Thumb Code    86  f2d.o(x$fpl$f2d)
    __aeabi_fadd                             0x080047fd   Thumb Code     0  faddsub_clz.o(x$fpl$fadd)
    _fadd                                    0x080047fd   Thumb Code   196  faddsub_clz.o(x$fpl$fadd)
    __aeabi_fdiv                             0x080048c1   Thumb Code     0  fdiv.o(x$fpl$fdiv)
    _fdiv                                    0x080048c1   Thumb Code   384  fdiv.o(x$fpl$fdiv)
    __aeabi_ui2f                             0x08004a45   Thumb Code     0  fflt_clz.o(x$fpl$ffltu)
    _ffltu                                   0x08004a45   Thumb Code    38  fflt_clz.o(x$fpl$ffltu)
    __aeabi_fmul                             0x08004a6d   Thumb Code     0  fmul.o(x$fpl$fmul)
    _fmul                                    0x08004a6d   Thumb Code   258  fmul.o(x$fpl$fmul)
    __fpl_fnaninf                            0x08004b6f   Thumb Code   140  fnaninf.o(x$fpl$fnaninf)
    __fpl_fretinf                            0x08004bfb   Thumb Code    10  fretinf.o(x$fpl$fretinf)
    __aeabi_frsub                            0x08004c05   Thumb Code     0  faddsub_clz.o(x$fpl$frsb)
    _frsb                                    0x08004c05   Thumb Code    20  faddsub_clz.o(x$fpl$frsb)
    __aeabi_fsub                             0x08004c19   Thumb Code     0  faddsub_clz.o(x$fpl$fsub)
    _fsub                                    0x08004c19   Thumb Code   234  faddsub_clz.o(x$fpl$fsub)
    _printf_fp_dec                           0x08004d03   Thumb Code     4  printf1.o(x$fpl$printf1)
    __I$use$fp                               0x08004d06   Number         0  usenofp.o(x$fpl$usenofp)
    AHBPrescTable                            0x08004d2a   Data          16  system_stm32f1xx.o(.constdata)
    APBPrescTable                            0x08004d3a   Data           8  system_stm32f1xx.o(.constdata)
    Region$$Table$$Base                      0x08004e10   Number         0  anon$$obj.o(Region$$Table)
    Region$$Table$$Limit                     0x08004e30   Number         0  anon$$obj.o(Region$$Table)
    Presence                                 0x20000000   Data           1  dht.o(.data)
    Rh_byte1                                 0x20000001   Data           1  dht.o(.data)
    Rh_byte2                                 0x20000002   Data           1  dht.o(.data)
    Temp_byte1                               0x20000003   Data           1  dht.o(.data)
    Temp_byte2                               0x20000004   Data           1  dht.o(.data)
    SUM                                      0x20000006   Data           2  dht.o(.data)
    Temperature                              0x20000010   Data           4  main.o(.data)
    Humidity                                 0x20000014   Data           4  main.o(.data)
    address                                  0x20000018   Data           5  main.o(.data)
    DHT11_Data                               0x20000020   Data           8  main.o(.data)
    uwTickFreq                               0x20000028   Data           1  stm32f1xx_hal.o(.data)
    uwTickPrio                               0x2000002c   Data           4  stm32f1xx_hal.o(.data)
    uwTick                                   0x20000030   Data           4  stm32f1xx_hal.o(.data)
    SystemCoreClock                          0x20000034   Data           4  system_stm32f1xx.o(.data)
    hadc1                                    0x20000038   Data          48  main.o(.bss)
    hspi1                                    0x20000068   Data          88  main.o(.bss)
    htim1                                    0x200000c0   Data          72  main.o(.bss)
    huart1                                   0x20000108   Data          72  main.o(.bss)
    huart2                                   0x20000150   Data          72  main.o(.bss)
    garden1                                  0x20000198   Data          16  main.o(.bss)
    __libspace_start                         0x200001a8   Data          96  libspace.o(.bss)
    __temporary_stack_top$libspace           0x20000208   Data           0  libspace.o(.bss)



==============================================================================

Memory Map of the image

  Image Entry point : 0x080000ed

  Load Region LR_IROM1 (Base: 0x08000000, Size: 0x00004e84, Max: 0x00010000, ABSOLUTE)

    Execution Region ER_IROM1 (Exec base: 0x08000000, Load base: 0x08000000, Size: 0x00004e4c, Max: 0x00010000, ABSOLUTE)

    Exec Addr    Load Addr    Size         Type   Attr      Idx    E Section Name        Object

    0x08000000   0x08000000   0x000000ec   Data   RO            3    RESET               startup_stm32f103xb.o
    0x080000ec   0x080000ec   0x00000008   Code   RO         3963  * !!!main             c_w.l(__main.o)
    0x080000f4   0x080000f4   0x00000034   Code   RO         4203    !!!scatter          c_w.l(__scatter.o)
    0x08000128   0x08000128   0x0000001a   Code   RO         4205    !!handler_copy      c_w.l(__scatter_copy.o)
    0x08000142   0x08000142   0x00000002   PAD
    0x08000144   0x08000144   0x0000001c   Code   RO         4207    !!handler_zi        c_w.l(__scatter_zi.o)
    0x08000160   0x08000160   0x00000000   Code   RO         3956    .ARM.Collect$$_printf_percent$$00000000  c_w.l(_printf_percent.o)
    0x08000160   0x08000160   0x00000006   Code   RO         3955    .ARM.Collect$$_printf_percent$$00000003  c_w.l(_printf_f.o)
    0x08000166   0x08000166   0x00000006   Code   RO         3953    .ARM.Collect$$_printf_percent$$00000009  c_w.l(_printf_d.o)
    0x0800016c   0x0800016c   0x00000006   Code   RO         3954    .ARM.Collect$$_printf_percent$$0000000A  c_w.l(_printf_u.o)
    0x08000172   0x08000172   0x00000006   Code   RO         3952    .ARM.Collect$$_printf_percent$$0000000C  c_w.l(_printf_x.o)
    0x08000178   0x08000178   0x00000004   Code   RO         3996    .ARM.Collect$$_printf_percent$$00000017  c_w.l(_printf_percent_end.o)
    0x0800017c   0x0800017c   0x00000002   Code   RO         4076    .ARM.Collect$$libinit$$00000000  c_w.l(libinit.o)
    0x0800017e   0x0800017e   0x00000000   Code   RO         4078    .ARM.Collect$$libinit$$00000002  c_w.l(libinit2.o)
    0x0800017e   0x0800017e   0x00000000   Code   RO         4080    .ARM.Collect$$libinit$$00000004  c_w.l(libinit2.o)
    0x0800017e   0x0800017e   0x00000000   Code   RO         4083    .ARM.Collect$$libinit$$0000000A  c_w.l(libinit2.o)
    0x0800017e   0x0800017e   0x00000000   Code   RO         4085    .ARM.Collect$$libinit$$0000000C  c_w.l(libinit2.o)
    0x0800017e   0x0800017e   0x00000000   Code   RO         4087    .ARM.Collect$$libinit$$0000000E  c_w.l(libinit2.o)
    0x0800017e   0x0800017e   0x00000006   Code   RO         4088    .ARM.Collect$$libinit$$0000000F  c_w.l(libinit2.o)
    0x08000184   0x08000184   0x00000000   Code   RO         4090    .ARM.Collect$$libinit$$00000011  c_w.l(libinit2.o)
    0x08000184   0x08000184   0x00000000   Code   RO         4092    .ARM.Collect$$libinit$$00000013  c_w.l(libinit2.o)
    0x08000184   0x08000184   0x00000000   Code   RO         4094    .ARM.Collect$$libinit$$00000015  c_w.l(libinit2.o)
    0x08000184   0x08000184   0x0000000a   Code   RO         4095    .ARM.Collect$$libinit$$00000016  c_w.l(libinit2.o)
    0x0800018e   0x0800018e   0x00000000   Code   RO         4096    .ARM.Collect$$libinit$$00000017  c_w.l(libinit2.o)
    0x0800018e   0x0800018e   0x00000000   Code   RO         4098    .ARM.Collect$$libinit$$00000019  c_w.l(libinit2.o)
    0x0800018e   0x0800018e   0x00000000   Code   RO         4100    .ARM.Collect$$libinit$$0000001B  c_w.l(libinit2.o)
    0x0800018e   0x0800018e   0x00000000   Code   RO         4102    .ARM.Collect$$libinit$$0000001D  c_w.l(libinit2.o)
    0x0800018e   0x0800018e   0x00000000   Code   RO         4104    .ARM.Collect$$libinit$$0000001F  c_w.l(libinit2.o)
    0x0800018e   0x0800018e   0x00000000   Code   RO         4106    .ARM.Collect$$libinit$$00000021  c_w.l(libinit2.o)
    0x0800018e   0x0800018e   0x00000000   Code   RO         4108    .ARM.Collect$$libinit$$00000023  c_w.l(libinit2.o)
    0x0800018e   0x0800018e   0x00000000   Code   RO         4110    .ARM.Collect$$libinit$$00000025  c_w.l(libinit2.o)
    0x0800018e   0x0800018e   0x00000000   Code   RO         4114    .ARM.Collect$$libinit$$0000002C  c_w.l(libinit2.o)
    0x0800018e   0x0800018e   0x00000000   Code   RO         4116    .ARM.Collect$$libinit$$0000002E  c_w.l(libinit2.o)
    0x0800018e   0x0800018e   0x00000000   Code   RO         4118    .ARM.Collect$$libinit$$00000030  c_w.l(libinit2.o)
    0x0800018e   0x0800018e   0x00000000   Code   RO         4120    .ARM.Collect$$libinit$$00000032  c_w.l(libinit2.o)
    0x0800018e   0x0800018e   0x00000002   Code   RO         4121    .ARM.Collect$$libinit$$00000033  c_w.l(libinit2.o)
    0x08000190   0x08000190   0x00000002   Code   RO         4151    .ARM.Collect$$libshutdown$$00000000  c_w.l(libshutdown.o)
    0x08000192   0x08000192   0x00000000   Code   RO         4162    .ARM.Collect$$libshutdown$$00000002  c_w.l(libshutdown2.o)
    0x08000192   0x08000192   0x00000000   Code   RO         4164    .ARM.Collect$$libshutdown$$00000004  c_w.l(libshutdown2.o)
    0x08000192   0x08000192   0x00000000   Code   RO         4167    .ARM.Collect$$libshutdown$$00000007  c_w.l(libshutdown2.o)
    0x08000192   0x08000192   0x00000000   Code   RO         4170    .ARM.Collect$$libshutdown$$0000000A  c_w.l(libshutdown2.o)
    0x08000192   0x08000192   0x00000000   Code   RO         4172    .ARM.Collect$$libshutdown$$0000000C  c_w.l(libshutdown2.o)
    0x08000192   0x08000192   0x00000000   Code   RO         4175    .ARM.Collect$$libshutdown$$0000000F  c_w.l(libshutdown2.o)
    0x08000192   0x08000192   0x00000002   Code   RO         4176    .ARM.Collect$$libshutdown$$00000010  c_w.l(libshutdown2.o)
    0x08000194   0x08000194   0x00000000   Code   RO         3987    .ARM.Collect$$rtentry$$00000000  c_w.l(__rtentry.o)
    0x08000194   0x08000194   0x00000000   Code   RO         4005    .ARM.Collect$$rtentry$$00000002  c_w.l(__rtentry2.o)
    0x08000194   0x08000194   0x00000006   Code   RO         4017    .ARM.Collect$$rtentry$$00000004  c_w.l(__rtentry4.o)
    0x0800019a   0x0800019a   0x00000000   Code   RO         4007    .ARM.Collect$$rtentry$$00000009  c_w.l(__rtentry2.o)
    0x0800019a   0x0800019a   0x00000004   Code   RO         4008    .ARM.Collect$$rtentry$$0000000A  c_w.l(__rtentry2.o)
    0x0800019e   0x0800019e   0x00000000   Code   RO         4010    .ARM.Collect$$rtentry$$0000000C  c_w.l(__rtentry2.o)
    0x0800019e   0x0800019e   0x00000008   Code   RO         4011    .ARM.Collect$$rtentry$$0000000D  c_w.l(__rtentry2.o)
    0x080001a6   0x080001a6   0x00000002   Code   RO         4122    .ARM.Collect$$rtexit$$00000000  c_w.l(rtexit.o)
    0x080001a8   0x080001a8   0x00000000   Code   RO         4129    .ARM.Collect$$rtexit$$00000002  c_w.l(rtexit2.o)
    0x080001a8   0x080001a8   0x00000004   Code   RO         4130    .ARM.Collect$$rtexit$$00000003  c_w.l(rtexit2.o)
    0x080001ac   0x080001ac   0x00000006   Code   RO         4131    .ARM.Collect$$rtexit$$00000004  c_w.l(rtexit2.o)
    0x080001b2   0x080001b2   0x00000002   PAD
    0x080001b4   0x080001b4   0x00000040   Code   RO            4    .text               startup_stm32f103xb.o
    0x080001f4   0x080001f4   0x00000028   Code   RO         3903    .text               c_w.l(noretval__2sprintf.o)
    0x0800021c   0x0800021c   0x0000004e   Code   RO         3907    .text               c_w.l(_printf_pad.o)
    0x0800026a   0x0800026a   0x00000002   PAD
    0x0800026c   0x0800026c   0x00000078   Code   RO         3909    .text               c_w.l(_printf_dec.o)
    0x080002e4   0x080002e4   0x00000058   Code   RO         3914    .text               c_w.l(_printf_hex_int.o)
    0x0800033c   0x0800033c   0x00000188   Code   RO         3949    .text               c_w.l(__printf_flags_ss_wp.o)
    0x080004c4   0x080004c4   0x0000003e   Code   RO         3957    .text               c_w.l(strlen.o)
    0x08000502   0x08000502   0x0000004e   Code   RO         3959    .text               c_w.l(rt_memclr_w.o)
    0x08000550   0x08000550   0x00000006   Code   RO         3961    .text               c_w.l(heapauxi.o)
    0x08000556   0x08000556   0x000000b2   Code   RO         3988    .text               c_w.l(_printf_intcommon.o)
    0x08000608   0x08000608   0x0000041e   Code   RO         3990    .text               c_w.l(_printf_fp_dec.o)
    0x08000a26   0x08000a26   0x00000002   PAD
    0x08000a28   0x08000a28   0x00000030   Code   RO         3992    .text               c_w.l(_printf_char_common.o)
    0x08000a58   0x08000a58   0x0000000a   Code   RO         3994    .text               c_w.l(_sputc.o)
    0x08000a62   0x08000a62   0x00000002   PAD
    0x08000a64   0x08000a64   0x00000008   Code   RO         4022    .text               c_w.l(rt_locale_intlibspace.o)
    0x08000a6c   0x08000a6c   0x0000008a   Code   RO         4024    .text               c_w.l(lludiv10.o)
    0x08000af6   0x08000af6   0x00000002   PAD
    0x08000af8   0x08000af8   0x00000080   Code   RO         4026    .text               c_w.l(_printf_fp_infnan.o)
    0x08000b78   0x08000b78   0x000000e4   Code   RO         4030    .text               c_w.l(bigflt0.o)
    0x08000c5c   0x08000c5c   0x00000008   Code   RO         4062    .text               c_w.l(libspace.o)
    0x08000c64   0x08000c64   0x0000004a   Code   RO         4065    .text               c_w.l(sys_stackheap_outer.o)
    0x08000cae   0x08000cae   0x00000012   Code   RO         4067    .text               c_w.l(exit.o)
    0x08000cc0   0x08000cc0   0x00000080   Code   RO         4069    .text               c_w.l(strcmpv7m.o)
    0x08000d40   0x08000d40   0x0000000c   Code   RO         4141    .text               c_w.l(sys_exit.o)
    0x08000d4c   0x08000d4c   0x00000002   Code   RO         4152    .text               c_w.l(use_no_semi.o)
    0x08000d4e   0x08000d4e   0x00000000   Code   RO         4154    .text               c_w.l(indicate_semi.o)
    0x08000d4e   0x08000d4e   0x0000003e   Code   RO         4033    CL$$btod_d2e        c_w.l(btod.o)
    0x08000d8c   0x08000d8c   0x00000046   Code   RO         4035    CL$$btod_d2e_denorm_low  c_w.l(btod.o)
    0x08000dd2   0x08000dd2   0x00000060   Code   RO         4034    CL$$btod_d2e_norm_op1  c_w.l(btod.o)
    0x08000e32   0x08000e32   0x00000338   Code   RO         4043    CL$$btod_div_common  c_w.l(btod.o)
    0x0800116a   0x0800116a   0x000000dc   Code   RO         4040    CL$$btod_e2e        c_w.l(btod.o)
    0x08001246   0x08001246   0x0000002a   Code   RO         4037    CL$$btod_ediv       c_w.l(btod.o)
    0x08001270   0x08001270   0x0000002a   Code   RO         4036    CL$$btod_emul       c_w.l(btod.o)
    0x0800129a   0x0800129a   0x00000244   Code   RO         4042    CL$$btod_mult_common  c_w.l(btod.o)
    0x080014de   0x080014de   0x00000002   PAD
    0x080014e0   0x080014e0   0x00000056   Code   RO          951    i.ADC_ConversionStop_Disable  stm32f1xx_hal_adc.o
    0x08001536   0x08001536   0x00000002   PAD
    0x08001538   0x08001538   0x0000007c   Code   RO          955    i.ADC_Enable        stm32f1xx_hal_adc.o
    0x080015b4   0x080015b4   0x00000002   Code   RO          319    i.BusFault_Handler  stm32f1xx_it.o
    0x080015b6   0x080015b6   0x00000002   PAD
    0x080015b8   0x080015b8   0x00000040   Code   RO          187    i.Compute_Soil_Moisture  main.o
    0x080015f8   0x080015f8   0x000000a0   Code   RO          188    i.Control_Device_Auto  main.o
    0x08001698   0x08001698   0x00000054   Code   RO          189    i.Control_Device_Manual  main.o
    0x080016ec   0x080016ec   0x000000c8   Code   RO           13    i.DHT_Check_Response  dht.o
    0x080017b4   0x080017b4   0x00000058   Code   RO           14    i.DHT_GetData       dht.o
    0x0800180c   0x0800180c   0x0000005c   Code   RO           15    i.DHT_Read          dht.o
    0x08001868   0x08001868   0x00000044   Code   RO           16    i.DHT_Start         dht.o
    0x080018ac   0x080018ac   0x00000044   Code   RO           17    i.DWT_Delay_Init    dht.o
    0x080018f0   0x080018f0   0x00000002   Code   RO          320    i.DebugMon_Handler  stm32f1xx_it.o
    0x080018f2   0x080018f2   0x00000004   Code   RO          791    i.Garden_getDoAmDat  garden.o
    0x080018f6   0x080018f6   0x00000004   Code   RO          795    i.Garden_getNhietDo  garden.o
    0x080018fa   0x080018fa   0x00000004   Code   RO          797    i.Garden_setDoAm    garden.o
    0x080018fe   0x080018fe   0x00000004   Code   RO          798    i.Garden_setDoAmDat  garden.o
    0x08001902   0x08001902   0x00000004   Code   RO          802    i.Garden_setNhietDo  garden.o
    0x08001906   0x08001906   0x00000002   PAD
    0x08001908   0x08001908   0x000000fc   Code   RO          957    i.HAL_ADC_ConfigChannel  stm32f1xx_hal_adc.o
    0x08001a04   0x08001a04   0x00000006   Code   RO          964    i.HAL_ADC_GetValue  stm32f1xx_hal_adc.o
    0x08001a0a   0x08001a0a   0x00000002   PAD
    0x08001a0c   0x08001a0c   0x0000011c   Code   RO          966    i.HAL_ADC_Init      stm32f1xx_hal_adc.o
    0x08001b28   0x08001b28   0x00000058   Code   RO          408    i.HAL_ADC_MspInit   stm32f1xx_hal_msp.o
    0x08001b80   0x08001b80   0x0000013c   Code   RO          970    i.HAL_ADC_PollForConversion  stm32f1xx_hal_adc.o
    0x08001cbc   0x08001cbc   0x000000c0   Code   RO          972    i.HAL_ADC_Start     stm32f1xx_hal_adc.o
    0x08001d7c   0x08001d7c   0x00000034   Code   RO          975    i.HAL_ADC_Stop      stm32f1xx_hal_adc.o
    0x08001db0   0x08001db0   0x00000046   Code   RO         1608    i.HAL_DMA_Abort     stm32f1xx_hal_dma.o
    0x08001df6   0x08001df6   0x00000002   PAD
    0x08001df8   0x08001df8   0x00000098   Code   RO         1609    i.HAL_DMA_Abort_IT  stm32f1xx_hal_dma.o
    0x08001e90   0x08001e90   0x00000024   Code   RO         1234    i.HAL_Delay         stm32f1xx_hal.o
    0x08001eb4   0x08001eb4   0x000001e0   Code   RO         1544    i.HAL_GPIO_Init     stm32f1xx_hal_gpio.o
    0x08002094   0x08002094   0x0000000a   Code   RO         1546    i.HAL_GPIO_ReadPin  stm32f1xx_hal_gpio.o
    0x0800209e   0x0800209e   0x0000000a   Code   RO         1548    i.HAL_GPIO_WritePin  stm32f1xx_hal_gpio.o
    0x080020a8   0x080020a8   0x0000000c   Code   RO         1238    i.HAL_GetTick       stm32f1xx_hal.o
    0x080020b4   0x080020b4   0x00000010   Code   RO         1244    i.HAL_IncTick       stm32f1xx_hal.o
    0x080020c4   0x080020c4   0x00000024   Code   RO         1245    i.HAL_Init          stm32f1xx_hal.o
    0x080020e8   0x080020e8   0x00000040   Code   RO         1246    i.HAL_InitTick      stm32f1xx_hal.o
    0x08002128   0x08002128   0x0000003c   Code   RO          409    i.HAL_MspInit       stm32f1xx_hal_msp.o
    0x08002164   0x08002164   0x0000001a   Code   RO         1704    i.HAL_NVIC_EnableIRQ  stm32f1xx_hal_cortex.o
    0x0800217e   0x0800217e   0x00000002   PAD
    0x08002180   0x08002180   0x00000040   Code   RO         1710    i.HAL_NVIC_SetPriority  stm32f1xx_hal_cortex.o
    0x080021c0   0x080021c0   0x00000024   Code   RO         1711    i.HAL_NVIC_SetPriorityGrouping  stm32f1xx_hal_cortex.o
    0x080021e4   0x080021e4   0x000000a4   Code   RO         1505    i.HAL_RCCEx_GetPeriphCLKFreq  stm32f1xx_hal_rcc_ex.o
    0x08002288   0x08002288   0x000000ec   Code   RO         1506    i.HAL_RCCEx_PeriphCLKConfig  stm32f1xx_hal_rcc_ex.o
    0x08002374   0x08002374   0x0000012c   Code   RO         1402    i.HAL_RCC_ClockConfig  stm32f1xx_hal_rcc.o
    0x080024a0   0x080024a0   0x0000000c   Code   RO         1407    i.HAL_RCC_GetHCLKFreq  stm32f1xx_hal_rcc.o
    0x080024ac   0x080024ac   0x00000020   Code   RO         1409    i.HAL_RCC_GetPCLK1Freq  stm32f1xx_hal_rcc.o
    0x080024cc   0x080024cc   0x00000020   Code   RO         1410    i.HAL_RCC_GetPCLK2Freq  stm32f1xx_hal_rcc.o
    0x080024ec   0x080024ec   0x0000004c   Code   RO         1411    i.HAL_RCC_GetSysClockFreq  stm32f1xx_hal_rcc.o
    0x08002538   0x08002538   0x00000320   Code   RO         1414    i.HAL_RCC_OscConfig  stm32f1xx_hal_rcc.o
    0x08002858   0x08002858   0x000000b2   Code   RO         2215    i.HAL_SPI_Init      stm32f1xx_hal_spi.o
    0x0800290a   0x0800290a   0x00000002   PAD
    0x0800290c   0x0800290c   0x00000070   Code   RO          411    i.HAL_SPI_MspInit   stm32f1xx_hal_msp.o
    0x0800297c   0x0800297c   0x00000154   Code   RO         2218    i.HAL_SPI_Receive   stm32f1xx_hal_spi.o
    0x08002ad0   0x08002ad0   0x00000166   Code   RO         2223    i.HAL_SPI_Transmit  stm32f1xx_hal_spi.o
    0x08002c36   0x08002c36   0x000001f0   Code   RO         2224    i.HAL_SPI_TransmitReceive  stm32f1xx_hal_spi.o
    0x08002e26   0x08002e26   0x00000028   Code   RO         1715    i.HAL_SYSTICK_Config  stm32f1xx_hal_cortex.o
    0x08002e4e   0x08002e4e   0x00000002   PAD
    0x08002e50   0x08002e50   0x00000068   Code   RO         3251    i.HAL_TIMEx_MasterConfigSynchronization  stm32f1xx_hal_tim_ex.o
    0x08002eb8   0x08002eb8   0x0000005a   Code   RO         2528    i.HAL_TIM_Base_Init  stm32f1xx_hal_tim.o
    0x08002f12   0x08002f12   0x00000002   PAD
    0x08002f14   0x08002f14   0x00000028   Code   RO          413    i.HAL_TIM_Base_MspInit  stm32f1xx_hal_msp.o
    0x08002f3c   0x08002f3c   0x00000050   Code   RO         2531    i.HAL_TIM_Base_Start  stm32f1xx_hal_tim.o
    0x08002f8c   0x08002f8c   0x000000dc   Code   RO         2537    i.HAL_TIM_ConfigClockSource  stm32f1xx_hal_tim.o
    0x08003068   0x08003068   0x00000002   Code   RO         3511    i.HAL_UARTEx_RxEventCallback  stm32f1xx_hal_uart.o
    0x0800306a   0x0800306a   0x00000002   Code   RO         3525    i.HAL_UART_ErrorCallback  stm32f1xx_hal_uart.o
    0x0800306c   0x0800306c   0x0000026c   Code   RO         3528    i.HAL_UART_IRQHandler  stm32f1xx_hal_uart.o
    0x080032d8   0x080032d8   0x00000064   Code   RO         3529    i.HAL_UART_Init     stm32f1xx_hal_uart.o
    0x0800333c   0x0800333c   0x000000d8   Code   RO          415    i.HAL_UART_MspInit  stm32f1xx_hal_msp.o
    0x08003414   0x08003414   0x00000002   Code   RO         3535    i.HAL_UART_RxCpltCallback  stm32f1xx_hal_uart.o
    0x08003416   0x08003416   0x000000a0   Code   RO         3537    i.HAL_UART_Transmit  stm32f1xx_hal_uart.o
    0x080034b6   0x080034b6   0x00000002   Code   RO         3540    i.HAL_UART_TxCpltCallback  stm32f1xx_hal_uart.o
    0x080034b8   0x080034b8   0x00000002   Code   RO          321    i.HardFault_Handler  stm32f1xx_it.o
    0x080034ba   0x080034ba   0x00000002   PAD
    0x080034bc   0x080034bc   0x0000004c   Code   RO          191    i.MX_ADC1_Init      main.o
    0x08003508   0x08003508   0x000000c0   Code   RO          192    i.MX_GPIO_Init      main.o
    0x080035c8   0x080035c8   0x00000044   Code   RO          193    i.MX_SPI1_Init      main.o
    0x0800360c   0x0800360c   0x00000068   Code   RO          194    i.MX_TIM1_Init      main.o
    0x08003674   0x08003674   0x00000002   Code   RO          322    i.MemManage_Handler  stm32f1xx_it.o
    0x08003676   0x08003676   0x00000002   Code   RO          323    i.NMI_Handler       stm32f1xx_it.o
    0x08003678   0x08003678   0x00000070   Code   RO          195    i.NRF24_Config_Common  main.o
    0x080036e8   0x080036e8   0x00000002   Code   RO          324    i.PendSV_Handler    stm32f1xx_it.o
    0x080036ea   0x080036ea   0x00000002   PAD
    0x080036ec   0x080036ec   0x000000b0   Code   RO          196    i.ProcessNRFMessage  main.o
    0x0800379c   0x0800379c   0x000000ec   Code   RO          197    i.Read_All_Sensor   main.o
    0x08003888   0x08003888   0x00000198   Code   RO          198    i.Read_NRF          main.o
    0x08003a20   0x08003a20   0x0000005c   Code   RO         2252    i.SPI_EndRxTransaction  stm32f1xx_hal_spi.o
    0x08003a7c   0x08003a7c   0x00000034   Code   RO         2253    i.SPI_EndRxTxTransaction  stm32f1xx_hal_spi.o
    0x08003ab0   0x08003ab0   0x000000b8   Code   RO         2258    i.SPI_WaitFlagStateUntilTimeout  stm32f1xx_hal_spi.o
    0x08003b68   0x08003b68   0x00000002   Code   RO          325    i.SVC_Handler       stm32f1xx_it.o
    0x08003b6a   0x08003b6a   0x00000014   Code   RO           18    i.Set_Pin_Input     dht.o
    0x08003b7e   0x08003b7e   0x00000018   Code   RO           19    i.Set_Pin_Output    dht.o
    0x08003b96   0x08003b96   0x00000004   Code   RO          326    i.SysTick_Handler   stm32f1xx_it.o
    0x08003b9a   0x08003b9a   0x00000078   Code   RO          199    i.SystemClock_Config  main.o
    0x08003c12   0x08003c12   0x00000002   Code   RO         3863    i.SystemInit        system_stm32f1xx.o
    0x08003c14   0x08003c14   0x00000078   Code   RO         2621    i.TIM_Base_SetConfig  stm32f1xx_hal_tim.o
    0x08003c8c   0x08003c8c   0x00000014   Code   RO         2632    i.TIM_ETR_SetConfig  stm32f1xx_hal_tim.o
    0x08003ca0   0x08003ca0   0x00000010   Code   RO         2633    i.TIM_ITRx_SetConfig  stm32f1xx_hal_tim.o
    0x08003cb0   0x08003cb0   0x00000022   Code   RO         2639    i.TIM_TI1_ConfigInputStage  stm32f1xx_hal_tim.o
    0x08003cd2   0x08003cd2   0x00000024   Code   RO         2641    i.TIM_TI2_ConfigInputStage  stm32f1xx_hal_tim.o
    0x08003cf6   0x08003cf6   0x00000010   Code   RO         3542    i.UART_DMAAbortOnError  stm32f1xx_hal_uart.o
    0x08003d06   0x08003d06   0x0000004e   Code   RO         3552    i.UART_EndRxTransfer  stm32f1xx_hal_uart.o
    0x08003d54   0x08003d54   0x000000c2   Code   RO         3554    i.UART_Receive_IT   stm32f1xx_hal_uart.o
    0x08003e16   0x08003e16   0x00000002   PAD
    0x08003e18   0x08003e18   0x000000b8   Code   RO         3555    i.UART_SetConfig    stm32f1xx_hal_uart.o
    0x08003ed0   0x08003ed0   0x00000072   Code   RO         3558    i.UART_WaitOnFlagUntilTimeout  stm32f1xx_hal_uart.o
    0x08003f42   0x08003f42   0x00000002   PAD
    0x08003f44   0x08003f44   0x0000000c   Code   RO          327    i.USART1_IRQHandler  stm32f1xx_it.o
    0x08003f50   0x08003f50   0x0000000c   Code   RO          328    i.USART2_IRQHandler  stm32f1xx_it.o
    0x08003f5c   0x08003f5c   0x00000002   Code   RO          329    i.UsageFault_Handler  stm32f1xx_it.o
    0x08003f5e   0x08003f5e   0x00000028   Code   RO         4060    i.__ARM_fpclassify  m_ws.l(fpclassify.o)
    0x08003f86   0x08003f86   0x00000020   Code   RO         1717    i.__NVIC_SetPriority  stm32f1xx_hal_cortex.o
    0x08003fa6   0x08003fa6   0x0000000e   Code   RO         3942    i._is_digit         c_w.l(__printf_wp.o)
    0x08003fb4   0x08003fb4   0x00000010   Code   RO          479    i.ce_high           nrf24.o
    0x08003fc4   0x08003fc4   0x00000010   Code   RO          480    i.ce_low            nrf24.o
    0x08003fd4   0x08003fd4   0x00000010   Code   RO          481    i.csn_high          nrf24.o
    0x08003fe4   0x08003fe4   0x00000010   Code   RO          482    i.csn_low           nrf24.o
    0x08003ff4   0x08003ff4   0x0000002c   Code   RO           20    i.delay             dht.o
    0x08004020   0x08004020   0x000001f0   Code   RO          201    i.main              main.o
    0x08004210   0x08004210   0x0000003a   Code   RO          483    i.nrf24_auto_ack    nrf24.o
    0x0800424a   0x0800424a   0x00000028   Code   RO          484    i.nrf24_auto_ack_all  nrf24.o
    0x08004272   0x08004272   0x00000024   Code   RO          485    i.nrf24_auto_retr_delay  nrf24.o
    0x08004296   0x08004296   0x00000022   Code   RO          486    i.nrf24_auto_retr_limit  nrf24.o
    0x080042b8   0x080042b8   0x00000020   Code   RO          488    i.nrf24_clear_max_rt  nrf24.o
    0x080042d8   0x080042d8   0x00000020   Code   RO          489    i.nrf24_clear_rx_dr  nrf24.o
    0x080042f8   0x080042f8   0x00000020   Code   RO          490    i.nrf24_clear_tx_ds  nrf24.o
    0x08004318   0x08004318   0x00000016   Code   RO          492    i.nrf24_data_available  nrf24.o
    0x0800432e   0x0800432e   0x0000003e   Code   RO          493    i.nrf24_data_rate   nrf24.o
    0x0800436c   0x0800436c   0x0000002e   Code   RO          495    i.nrf24_dpl         nrf24.o
    0x0800439a   0x0800439a   0x00000014   Code   RO          498    i.nrf24_flush_rx    nrf24.o
    0x080043ae   0x080043ae   0x00000014   Code   RO          499    i.nrf24_flush_tx    nrf24.o
    0x080043c2   0x080043c2   0x0000001e   Code   RO          500    i.nrf24_init        nrf24.o
    0x080043e0   0x080043e0   0x00000026   Code   RO          501    i.nrf24_listen      nrf24.o
    0x08004406   0x08004406   0x000000ac   Code   RO          502    i.nrf24_open_rx_pipe  nrf24.o
    0x080044b2   0x080044b2   0x0000000a   Code   RO          503    i.nrf24_open_tx_pipe  nrf24.o
    0x080044bc   0x080044bc   0x00000022   Code   RO          506    i.nrf24_pwr_up      nrf24.o
    0x080044de   0x080044de   0x00000024   Code   RO          507    i.nrf24_r_pld_wid   nrf24.o
    0x08004502   0x08004502   0x00000002   PAD
    0x08004504   0x08004504   0x0000003c   Code   RO          508    i.nrf24_r_reg       nrf24.o
    0x08004540   0x08004540   0x00000014   Code   RO          509    i.nrf24_r_spec_reg  nrf24.o
    0x08004554   0x08004554   0x00000034   Code   RO          510    i.nrf24_r_status    nrf24.o
    0x08004588   0x08004588   0x0000003c   Code   RO          512    i.nrf24_receive     nrf24.o
    0x080045c4   0x080045c4   0x00000018   Code   RO          513    i.nrf24_set_addr_width  nrf24.o
    0x080045dc   0x080045dc   0x0000000e   Code   RO          515    i.nrf24_set_channel  nrf24.o
    0x080045ea   0x080045ea   0x0000002a   Code   RO          516    i.nrf24_set_crc     nrf24.o
    0x08004614   0x08004614   0x0000003a   Code   RO          517    i.nrf24_set_rx_dpl  nrf24.o
    0x0800464e   0x0800464e   0x00000022   Code   RO          518    i.nrf24_stop_listen  nrf24.o
    0x08004670   0x08004670   0x00000060   Code   RO          519    i.nrf24_transmit    nrf24.o
    0x080046d0   0x080046d0   0x0000002a   Code   RO          522    i.nrf24_tx_pwr      nrf24.o
    0x080046fa   0x080046fa   0x00000002   PAD
    0x080046fc   0x080046fc   0x00000038   Code   RO          525    i.nrf24_w_reg       nrf24.o
    0x08004734   0x08004734   0x00000018   Code   RO          526    i.nrf24_w_spec_cmd  nrf24.o
    0x0800474c   0x0800474c   0x00000020   Code   RO          202    i.sendText          main.o
    0x0800476c   0x0800476c   0x0000002c   Code   RO         4056    locale$$code        c_w.l(lc_numeric_c.o)
    0x08004798   0x08004798   0x0000000c   Code   RO         3997    x$fpl$dretinf       fz_ws.l(dretinf.o)
    0x080047a4   0x080047a4   0x00000056   Code   RO         3965    x$fpl$f2d           fz_ws.l(f2d.o)
    0x080047fa   0x080047fa   0x00000002   PAD
    0x080047fc   0x080047fc   0x000000c4   Code   RO         3967    x$fpl$fadd          fz_ws.l(faddsub_clz.o)
    0x080048c0   0x080048c0   0x00000184   Code   RO         3974    x$fpl$fdiv          fz_ws.l(fdiv.o)
    0x08004a44   0x08004a44   0x00000026   Code   RO         3977    x$fpl$ffltu         fz_ws.l(fflt_clz.o)
    0x08004a6a   0x08004a6a   0x00000002   PAD
    0x08004a6c   0x08004a6c   0x00000102   Code   RO         3983    x$fpl$fmul          fz_ws.l(fmul.o)
    0x08004b6e   0x08004b6e   0x0000008c   Code   RO         3999    x$fpl$fnaninf       fz_ws.l(fnaninf.o)
    0x08004bfa   0x08004bfa   0x0000000a   Code   RO         4001    x$fpl$fretinf       fz_ws.l(fretinf.o)
    0x08004c04   0x08004c04   0x00000014   Code   RO         3968    x$fpl$frsb          fz_ws.l(faddsub_clz.o)
    0x08004c18   0x08004c18   0x000000ea   Code   RO         3969    x$fpl$fsub          fz_ws.l(faddsub_clz.o)
    0x08004d02   0x08004d02   0x00000004   Code   RO         3985    x$fpl$printf1       fz_ws.l(printf1.o)
    0x08004d06   0x08004d06   0x00000000   Code   RO         4003    x$fpl$usenofp       fz_ws.l(usenofp.o)
    0x08004d06   0x08004d06   0x00000012   Data   RO         1415    .constdata          stm32f1xx_hal_rcc.o
    0x08004d18   0x08004d18   0x00000012   Data   RO         1507    .constdata          stm32f1xx_hal_rcc_ex.o
    0x08004d2a   0x08004d2a   0x00000010   Data   RO         3864    .constdata          system_stm32f1xx.o
    0x08004d3a   0x08004d3a   0x00000008   Data   RO         3865    .constdata          system_stm32f1xx.o
    0x08004d42   0x08004d42   0x00000028   Data   RO         3915    .constdata          c_w.l(_printf_hex_int.o)
    0x08004d6a   0x08004d6a   0x00000011   Data   RO         3950    .constdata          c_w.l(__printf_flags_ss_wp.o)
    0x08004d7b   0x08004d7b   0x00000001   PAD
    0x08004d7c   0x08004d7c   0x00000094   Data   RO         4031    .constdata          c_w.l(bigflt0.o)
    0x08004e10   0x08004e10   0x00000020   Data   RO         4201    Region$$Table       anon$$obj.o
    0x08004e30   0x08004e30   0x0000001c   Data   RO         4055    locale$$data        c_w.l(lc_numeric_c.o)


    Execution Region RW_IRAM1 (Exec base: 0x20000000, Load base: 0x08004e4c, Size: 0x00000808, Max: 0x00005000, ABSOLUTE)

    Exec Addr    Load Addr    Size         Type   Attr      Idx    E Section Name        Object

    0x20000000   0x08004e4c   0x00000008   Data   RW           21    .data               dht.o
    0x20000008   0x08004e54   0x00000020   Data   RW          208    .data               main.o
    0x20000028   0x08004e74   0x0000000c   Data   RW         1252    .data               stm32f1xx_hal.o
    0x20000034   0x08004e80   0x00000004   Data   RW         3866    .data               system_stm32f1xx.o
    0x20000038        -       0x00000170   Zero   RW          203    .bss                main.o
    0x200001a8        -       0x00000060   Zero   RW         4063    .bss                c_w.l(libspace.o)
    0x20000208        -       0x00000200   Zero   RW            2    HEAP                startup_stm32f103xb.o
    0x20000408        -       0x00000400   Zero   RW            1    STACK               startup_stm32f103xb.o


==============================================================================

Image component sizes


      Code (inc. data)   RO Data    RW Data    ZI Data      Debug   Object Name

       604         96          0          8          0     452542   dht.o
        20          0          0          0          0       3350   garden.o
      2328        630          0         32        368      11119   main.o
      1400         68          0          0          0      21488   nrf24.o
        64         26        236          0       1536        808   startup_stm32f103xb.o
       164         28          0         12          0       5889   stm32f1xx_hal.o
      1312         54          0          0          0       7211   stm32f1xx_hal_adc.o
       198         14          0          0          0      28923   stm32f1xx_hal_cortex.o
       222          4          0          0          0       1763   stm32f1xx_hal_dma.o
       500         34          0          0          0       3503   stm32f1xx_hal_gpio.o
       516         62          0          0          0       3628   stm32f1xx_hal_msp.o
      1252         90         18          0          0       5548   stm32f1xx_hal_rcc.o
       400         28         18          0          0       2465   stm32f1xx_hal_rcc_ex.o
      1700          4          0          0          0       8038   stm32f1xx_hal_spi.o
       616         26          0          0          0       6708   stm32f1xx_hal_tim.o
       104         12          0          0          0       1352   stm32f1xx_hal_tim_ex.o
      1474         10          0          0          0      10064   stm32f1xx_hal_uart.o
        44         12          0          0          0       4718   stm32f1xx_it.o
         2          0         24          4          0       1107   system_stm32f1xx.o

    ----------------------------------------------------------------------
     12950       1198        328         56       1904     580224   Object Totals
         0          0         32          0          0          0   (incl. Generated)
        30          0          0          0          0          0   (incl. Padding)

    ----------------------------------------------------------------------

      Code (inc. data)   RO Data    RW Data    ZI Data      Debug   Library Member Name

         8          0          0          0          0         68   __main.o
       392          4         17          0          0         92   __printf_flags_ss_wp.o
        14          0          0          0          0         68   __printf_wp.o
         0          0          0          0          0          0   __rtentry.o
        12          0          0          0          0          0   __rtentry2.o
         6          0          0          0          0          0   __rtentry4.o
        52          8          0          0          0          0   __scatter.o
        26          0          0          0          0          0   __scatter_copy.o
        28          0          0          0          0          0   __scatter_zi.o
        48          6          0          0          0         96   _printf_char_common.o
         6          0          0          0          0          0   _printf_d.o
       120         16          0          0          0         92   _printf_dec.o
         6          0          0          0          0          0   _printf_f.o
      1054          0          0          0          0        216   _printf_fp_dec.o
       128         16          0          0          0         84   _printf_fp_infnan.o
        88          4         40          0          0         88   _printf_hex_int.o
       178          0          0          0          0         88   _printf_intcommon.o
        78          0          0          0          0        108   _printf_pad.o
         0          0          0          0          0          0   _printf_percent.o
         4          0          0          0          0          0   _printf_percent_end.o
         6          0          0          0          0          0   _printf_u.o
         6          0          0          0          0          0   _printf_x.o
        10          0          0          0          0         68   _sputc.o
       228          4        148          0          0         96   bigflt0.o
      1936        128          0          0          0        672   btod.o
        18          0          0          0          0         80   exit.o
         6          0          0          0          0        152   heapauxi.o
         0          0          0          0          0          0   indicate_semi.o
        44         10         28          0          0         76   lc_numeric_c.o
         2          0          0          0          0          0   libinit.o
        18          0          0          0          0          0   libinit2.o
         2          0          0          0          0          0   libshutdown.o
         2          0          0          0          0          0   libshutdown2.o
         8          4          0          0         96         68   libspace.o
       138          0          0          0          0         80   lludiv10.o
        40          6          0          0          0         84   noretval__2sprintf.o
         8          4          0          0          0         68   rt_locale_intlibspace.o
        78          0          0          0          0         80   rt_memclr_w.o
         2          0          0          0          0          0   rtexit.o
        10          0          0          0          0          0   rtexit2.o
       128          0          0          0          0         68   strcmpv7m.o
        62          0          0          0          0         76   strlen.o
        12          4          0          0          0         68   sys_exit.o
        74          0          0          0          0         80   sys_stackheap_outer.o
         2          0          0          0          0         68   use_no_semi.o
        12          0          0          0          0         68   dretinf.o
        86          4          0          0          0         84   f2d.o
       450          8          0          0          0        236   faddsub_clz.o
       388         76          0          0          0         96   fdiv.o
        38          0          0          0          0         68   fflt_clz.o
       258          4          0          0          0         84   fmul.o
       140          4          0          0          0         84   fnaninf.o
        10          0          0          0          0         68   fretinf.o
         4          0          0          0          0         68   printf1.o
         0          0          0          0          0          0   usenofp.o
        40          0          0          0          0         68   fpclassify.o

    ----------------------------------------------------------------------
      6532        310        234          0         96       3808   Library Totals
        18          0          1          0          0          0   (incl. Padding)

    ----------------------------------------------------------------------

      Code (inc. data)   RO Data    RW Data    ZI Data      Debug   Library Name

      5088        214        233          0         96       2884   c_w.l
      1386         96          0          0          0        856   fz_ws.l
        40          0          0          0          0         68   m_ws.l

    ----------------------------------------------------------------------
      6532        310        234          0         96       3808   Library Totals

    ----------------------------------------------------------------------

==============================================================================


      Code (inc. data)   RO Data    RW Data    ZI Data      Debug   

     19482       1508        562         56       2000     574980   Grand Totals
     19482       1508        562         56       2000     574980   ELF Image Totals
     19482       1508        562         56          0          0   ROM Totals

==============================================================================

    Total RO  Size (Code + RO Data)                20044 (  19.57kB)
    Total RW  Size (RW Data + ZI Data)              2056 (   2.01kB)
    Total ROM Size (Code + RO Data + RW Data)      20100 (  19.63kB)

==============================================================================

